 Avi

 Timestamp is 5a01113a (Tue Nov 07 09:49:46 2017)

 Preferred load address is 10000000

 Start         Length     Name                   Class
 0001:00000000 000348b1H .text                   CODE
 0001:000348c0 00002118H .text$x                 CODE
 0002:00000000 000001fcH .rdata                  DATA
 0002:00000200 000001a8H .rdata$r                DATA
 0002:000003a8 00001384H .xdata$x                DATA
 0002:00001730 000006aaH .edata                  DATA
 0003:00000000 00000104H .CRT$XCA                DATA
 0003:00000104 00000133H .CRT$XCU                DATA
 0003:00000238 00000104H .CRT$XCZ                DATA
 0003:0000033c 00000104H .CRT$XIA                DATA
 0003:00000440 00000104H .CRT$XIZ                DATA
 0003:00000550 000033a7H .data                   DATA
 0003:000038f8 0a36587cH .bss                    DATA
 0004:00000000 0000012cH .idata$2                DATA
 0004:0000012c 00000014H .idata$3                DATA
 0004:00000140 00000644H .idata$4                DATA
 0004:00000784 00000644H .idata$5                DATA
 0004:00000dc8 00000b4dH .idata$6                DATA

  Address         Publics by Value              Rva+Base     Lib:Object

 0001:00001190       ?RegFormImage@@YGHP6GHHPAH0H@Z@Z 10002190 f   Avi_Algo.obj
 0001:000011b1       ?TrigForceOut@@YGHXZ       100021b1 f   Avi_Algo.obj
 0001:000011e9       ?InsertWave@@YGXPAEH@Z     100021e9 f   Avi_Algo.obj
 0001:00001317       ?GetWvState@@YGHPAUtagAqcState@@@Z 10002317 f   Avi_Algo.obj
 0001:00001375       ?ClrWvState@@YGHXZ         10002375 f   Avi_Algo.obj
 0001:00001397       ?InitGlobal@@YAEXZ         10002397 f   Avi_Algo.obj
 0001:000013eb       ?StartEngine@@YAEXZ        100023eb f   Avi_Algo.obj
 0001:0000148e       ?AlgoThread@@YGKPAX@Z      1000248e f   Avi_Algo.obj
 0001:00001729       ?CheckMdlParam@@YAEXZ      10002729 f   Avi_Algo.obj
 0001:0000178a       ?CheckSysParam@@YAEXZ      1000278a f   Avi_Algo.obj
 0001:000017e1       ?CheckVoutParam@@YAEXZ     100027e1 f   Avi_Algo.obj
 0001:0000183f       ?GetModelParam@@YG?AUtagModelSet@@XZ 1000283f f   Avi_Algo.obj
 0001:000018a6       ?SetModelParam@@YGHUtagModelSet@@@Z 100028a6 f   Avi_Algo.obj
 0001:000018f7       ?GetSysParam@@YG?AUtagSysTem@@XZ 100028f7 f   Avi_Algo.obj
 0001:00001907       ?SetSysParam@@YGHUtagSysTem@@@Z 10002907 f   Avi_Algo.obj
 0001:00001975       ?GetVoutParam@@YG?AUtagVOutSet@@XZ 10002975 f   Avi_Algo.obj
 0001:0000199e       ?SetVoutParam@@YGHUtagVOutSet@@@Z 1000299e f   Avi_Algo.obj
 0001:00001c80       ?AxleRecongnize@@YAXPAUtagVehicleSet@@@Z 10002c80 f   Avi_AxleCheck.obj
 0001:00001ce4       ?get_veh_info_frame@@YAHPAH000@Z 10002ce4 f   Avi_AxleCheck.obj
 0001:000025f1       ?pre_process@@YAHXZ        100035f1 f   Avi_AxleCheck.obj
 0001:00003228       ?judge_tyre@@YAHXZ         10004228 f   Avi_AxleCheck.obj
 0001:000053f2       ?axle_group@@YAHH@Z        100063f2 f   Avi_AxleCheck.obj
 0001:000054fe       ?axle_speed@@YAHH@Z        100064fe f   Avi_AxleCheck.obj
 0001:000056d7       ?clear_global@@YAHXZ       100066d7 f   Avi_AxleCheck.obj
 0001:0000577d       ?SetAxleParam@@YAXXZ       1000677d f   Avi_AxleCheck.obj
 0001:000057b6       ?GetGroundPoint@@YAXPAUtagVehicleSet@@@Z 100067b6 f   Avi_AxleCheck.obj
 0001:000057d5       ?CheckAxleState@@YAXPAUtagVehicleSet@@@Z 100067d5 f   Avi_AxleCheck.obj
 0001:00005a20       ?ReportAxleInfo@@YAXE@Z    10006a20 f   Avi_AxleCheck.obj
 0001:00005a82       ?ReprotAckSInfo@@YAXXZ     10006a82 f   Avi_AxleCheck.obj
 0001:00005ab4       ?AxleClearGlobal@@YAXXZ    10006ab4 f   Avi_AxleCheck.obj
 0001:00006a60       ?VehIdentifier@@YAXPAUtagVehicleSet@@@Z 10007a60 f   Avi_Classifier.obj
 0001:00006a90       ?VehPatternClassify@@YAXPAUtagVehicleSet@@@Z 10007a90 f   Avi_Classifier.obj
 0001:00006b3e       ?RegularAdjust@@YAXPAUtagVehicleSet@@@Z 10007b3e f   Avi_Classifier.obj
 0001:00006c31       ?OneAxleClassify@@YAXPAUtagVehicleSet@@@Z 10007c31 f   Avi_Classifier.obj
 0001:00006c94       ?TwoAxleClassify@@YAXPAUtagVehicleSet@@@Z 10007c94 f   Avi_Classifier.obj
 0001:00007397       ?ThreeAxleClassify@@YAXPAUtagVehicleSet@@@Z 10008397 f   Avi_Classifier.obj
 0001:00007437       ?MutiAxleClassify@@YAXPAUtagVehicleSet@@@Z 10008437 f   Avi_Classifier.obj
 0001:0000749a       ?VehPatternModify@@YAXPAUtagVehicleSet@@@Z 1000849a f   Avi_Classifier.obj
 0001:00007c10       ?DpHtCheck@@YAXPAUtagVehicleSet@@@Z 10008c10 f   Avi_FeatureCal.obj
 0001:00008082       ?DpHeightCal@@YAXPAUtagVehicleSet@@@Z 10009082 f   Avi_FeatureCal.obj
 0001:0000890b       ?SideUniformCal@@YAXPAUtagVehicleSet@@@Z 1000990b f   Avi_FeatureCal.obj
 0001:00008b88       ?SideUinformCheck@@YAXPAUtagVehicleSet@@@Z 10009b88 f   Avi_FeatureCal.obj
 0001:00008d52       ?IsJiZhuangXiang@@YAEPAUtagFramInfo@@@Z 10009d52 f   Avi_FeatureCal.obj
 0001:00008f2a       ?ContainerCheck@@YAXPAUtagVehicleSet@@@Z 10009f2a f   Avi_FeatureCal.obj
 0001:00009363       ?ContainerCal@@YAXPAUtagVehicleSet@@@Z 1000a363 f   Avi_FeatureCal.obj
 0001:00009562       ?Axle1MinHeightCal@@YAXPAUtagVehicleSet@@@Z 1000a562 f   Avi_FeatureCal.obj
 0001:00009744       ?VehHeadHtCheck@@YAXPAUtagVehicleSet@@@Z 1000a744 f   Avi_FeatureCal.obj
 0001:000098a2       ?VehRearHtCheck@@YAXPAUtagVehicleSet@@@Z 1000a8a2 f   Avi_FeatureCal.obj
 0001:00009aec       ?VehHeightCheck@@YAXPAUtagVehicleSet@@@Z 1000aaec f   Avi_FeatureCal.obj
 0001:00009b3d       ?HtRoughnessCheck@@YAXPAUtagVehicleSet@@@Z 1000ab3d f   Avi_FeatureCal.obj
 0001:00009d88       ?VehHeightModify@@YAXPAUtagVehicleSet@@@Z 1000ad88 f   Avi_FeatureCal.obj
 0001:0000a1df       ?AxleAdjustMent@@YAXPAUtagVehicleSet@@@Z 1000b1df f   Avi_FeatureCal.obj
 0001:0000a2ce       ?HtClusterCheck@@YAXPAUtagVehicleSet@@@Z 1000b2ce f   Avi_FeatureCal.obj
 0001:0000b761       ?ClusterHopperCheck@@YAXPAUtagVehicleSet@@@Z 1000c761 f   Avi_FeatureCal.obj
 0001:0000ba95       ?FramStyleCheck@@YAXPAUtagVehicleSet@@@Z 1000ca95 f   Avi_FeatureCal.obj
 0001:0000bccf       ?AxleHopperCheckEx@@YAXPAUtagVehicleSet@@PAG@Z 1000cccf f   Avi_FeatureCal.obj
 0001:0000c2eb       ?AxleHopperCheck@@YAXPAUtagVehicleSet@@@Z 1000d2eb f   Avi_FeatureCal.obj
 0001:0000c91b       ?SlopeGlassCal@@YAXPAUtagVehicleSet@@@Z 1000d91b f   Avi_FeatureCal.obj
 0001:0000ce98       ?MapGlassCal@@YAXPAUtagVehicleSet@@@Z 1000de98 f   Avi_FeatureCal.obj
 0001:0000d4ee       ?ThroughGlassCal@@YAXPAUtagVehicleSet@@@Z 1000e4ee f   Avi_FeatureCal.obj
 0001:0000d846       ?IntoGlassCal@@YAXPAUtagVehicleSet@@@Z 1000e846 f   Avi_FeatureCal.obj
 0001:0000e228       ?GlassWinCheck@@YAXPAUtagVehicleSet@@@Z 1000f228 f   Avi_FeatureCal.obj
 0001:0000e802       ?TailJumpCheck@@YAXPAUtagVehicleSet@@@Z 1000f802 f   Avi_FeatureCal.obj
 0001:0000ef65       ?TruckCanCheck@@YAXPAUtagVehicleSet@@@Z 1000ff65 f   Avi_FeatureCal.obj
 0001:0000f879       ?FindTailJump@@YAXPAUtagVehicleSet@@E@Z 10010879 f   Avi_FeatureCal.obj
 0001:0000fe90       ?HeadJumpCheckEx@@YAXPAUtagVehicleSet@@PAG@Z 10010e90 f   Avi_FeatureCal.obj
 0001:00010344       ?FindHeadJump@@YAXPAUtagVehicleSet@@E@Z 10011344 f   Avi_FeatureCal.obj
 0001:000108c4       ?HeadJumpCheck@@YAXPAUtagVehicleSet@@@Z 100118c4 f   Avi_FeatureCal.obj
 0001:00010e2c       ?FramShapeCal@@YAXPAUtagVehicleSet@@@Z 10011e2c f   Avi_FeatureCal.obj
 0001:00011400       ?FramShapeCalEx@@YAXPAUtagVehicleSet@@@Z 10012400 f   Avi_FeatureCal.obj
 0001:00011d99       ?CastGrdCheckCal@@YAXPAUtagVehicleSet@@@Z 10012d99 f   Avi_FeatureCal.obj
 0001:00011f0d       ?CargoXEdgeCheck@@YAXPAUtagVehicleSet@@@Z 10012f0d f   Avi_FeatureCal.obj
 0001:0001216a       ?CargoZEdgeCheck@@YAXPAUtagVehicleSet@@@Z 1001316a f   Avi_FeatureCal.obj
 0001:0001216f       ?CastGroundCheck@@YAXPAUtagVehicleSet@@@Z 1001316f f   Avi_FeatureCal.obj
 0001:000125c4       ?MutiFeatureFusion@@YAXPAUtagVehicleSet@@@Z 100135c4 f   Avi_FeatureCal.obj
 0001:0001272c       ?FeatureCal@@YAXPAUtagVehicleSet@@@Z 1001372c f   Avi_FeatureCal.obj
 0001:000127c8       ?DirCheckByDev@@YAXPAUtagVehicleSet@@@Z 100137c8 f   Avi_FeatureCal.obj
 0001:0001283d       ?DirJudge_Coil@@YAXPAUtagVehicleSet@@@Z 1001383d f   Avi_FeatureCal.obj
 0001:00012a3f       ?DirJudge_Grat@@YAXPAUtagVehicleSet@@@Z 10013a3f f   Avi_FeatureCal.obj
 0001:00012b19       ?DirJudge_Lase@@YAXPAUtagVehicleSet@@@Z 10013b19 f   Avi_FeatureCal.obj
 0001:00012b28       ?DirCheckDirect@@YAXPAUtagVehicleSet@@@Z 10013b28 f   Avi_FeatureCal.obj
 0001:00015700       ?VehIdentProc@@YAXXZ       10016700 f   Avi_MainProc.obj
 0001:0001572f       ?InitMiddleWare@@YAXXZ     1001672f f   Avi_MainProc.obj
 0001:0001579c       ?InitModeParam@@YAXXZ      1001679c f   Avi_MainProc.obj
 0001:000157e2       ?Polar2Rect@@YAEXZ         100167e2 f   Avi_MainProc.obj
 0001:0001600a       ?FramAnlsye@@YAXXZ         1001700a f   Avi_MainProc.obj
 0001:00016419       ?VehRegionMatch@@YAXXZ     10017419 f   Avi_MainProc.obj
 0001:000164ee       ?IsRegionMatch@@YAEUtagFramInfo@@0@Z 100174ee f   Avi_MainProc.obj
 0001:000165ec       ?VehDirCheck@@YAXXZ        100175ec f   Avi_MainProc.obj
 0001:00016640       ?Dev_CoilDirCheck@@YAXXZ   10017640 f   Avi_MainProc.obj
 0001:00016645       ?Dev_GratDirCheck@@YAXXZ   10017645 f   Avi_MainProc.obj
 0001:0001664a       ?Dev_LaseDirCheck@@YAXXZ   1001764a f   Avi_MainProc.obj
 0001:0001664f       ?ForceCloseProc@@YAXXZ     1001764f f   Avi_MainProc.obj
 0001:000166cb       ?CanBeForceOut@@YAEPAUtagVehicleSet@@@Z 100176cb f   Avi_MainProc.obj
 0001:0001672b       ?ForceVehJudge@@YAEPAUtagVehicleSet@@@Z 1001772b f   Avi_MainProc.obj
 0001:000167f3       ?ReportForceVeh@@YAXPAUtagVehicleSet@@@Z 100177f3 f   Avi_MainProc.obj
 0001:000169ad       ?ClearVehicleErr@@YAXXZ    100179ad f   Avi_MainProc.obj
 0001:000169b2       ?UpdateVehRegion@@YAXPAUtagVehicleSet@@@Z 100179b2 f   Avi_MainProc.obj
 0001:00016d49       ?CheckVehState@@YAXXZ      10017d49 f   Avi_MainProc.obj
 0001:00016e1c       ?IsVehCheck@@YAEPAUtagVehicleSet@@@Z 10017e1c f   Avi_MainProc.obj
 0001:00016e48       ?OutPutVeh@@YAXPAUtagVehicleSet@@@Z 10017e48 f   Avi_MainProc.obj
 0001:00016e93       ?ReportNormalVeh@@YAXPAUtagVehicleSet@@@Z 10017e93 f   Avi_MainProc.obj
 0001:000176b0       ?AverageI@@YAHPBHG@Z       100186b0 f   Avi_MathProc.obj
 0001:00017741       ?AverageU@@YAGPAGG@Z       10018741 f   Avi_MathProc.obj
 0001:000177e8       ?MeanFilterU@@YAHPAGH@Z    100187e8 f   Avi_MathProc.obj
 0001:0001785c       ?MeanFilterI@@YAHPAHH@Z    1001885c f   Avi_MathProc.obj
 0001:000178cb       ?IndicateTrends@@YAXPAH0H@Z 100188cb f   Avi_MathProc.obj
 0001:000179ea       ?IndicatePeaks@@YAXPAH0H@Z 100189ea f   Avi_MathProc.obj
 0001:00017aec       ?ShapeAnalysis@@YAXPAGPAUtagClusterInfo@@@Z 10018aec f   Avi_MathProc.obj
 0001:00017ca5       ?ShapeAnalysisEx@@YAXPAGPAUtagClusterInfo@@@Z 10018ca5 f   Avi_MathProc.obj
 0001:00017e01       ?IndicateTrend@@YAXPAH0H@Z 10018e01 f   Avi_MathProc.obj
 0001:00017e91       ?MIN_N_NEAR@@YAGPAGGG@Z    10018e91 f   Avi_MathProc.obj
 0001:00017f3e       ?CalcVehHeight@@YAXPAGG00@Z 10018f3e f   Avi_MathProc.obj
 0001:00018440       ?SpecialVehCal@@YAXPAUtagVehicleSet@@@Z 10019440 f   Avi_SpeCheck.obj
 0001:00018464       ?SpecialVehCheck@@YAXPAUtagVehicleSet@@@Z 10019464 f   Avi_SpeCheck.obj
 0001:000184a0       ?JinBeiCheck@@YAXPAUtagVehicleSet@@@Z 100194a0 f   Avi_SpeCheck.obj
 0001:0001852b       ?TruckTailCheck@@YAXPAUtagVehicleSet@@@Z 1001952b f   Avi_SpeCheck.obj
 0001:000186f6       ?PickUpTailCheck@@YAXPAUtagVehicleSet@@@Z 100196f6 f   Avi_SpeCheck.obj
 0001:00018ac7       ?PickUpFramCal@@YAXPAUtagVehicleSet@@@Z 10019ac7 f   Avi_SpeCheck.obj
 0001:00018f14       ?PickUpCheck@@YAXPAUtagVehicleSet@@@Z 10019f14 f   Avi_SpeCheck.obj
 0001:000190ba       ?EnCloseWinCal@@YAXPAUtagVehicleSet@@@Z 1001a0ba f   Avi_SpeCheck.obj
 0001:00019593       ?EnCloseWinCalEx@@YAXPAUtagVehicleSet@@@Z 1001a593 f   Avi_SpeCheck.obj
 0001:000198b4       ?EnCloseWinCheck@@YAXPAUtagVehicleSet@@@Z 1001a8b4 f   Avi_SpeCheck.obj
 0001:00019c43       ?EnCloseWinCheckEx@@YAXPAUtagVehicleSet@@@Z 1001ac43 f   Avi_SpeCheck.obj
 0001:0001a105       ?Axle2WinCheckEx@@YAXPAUtagVehicleSet@@@Z 1001b105 f   Avi_SpeCheck.obj
 0001:0001a56d       ?ArcTruckCheck@@YAXPAUtagVehicleSet@@@Z 1001b56d f   Avi_SpeCheck.obj
 0001:0001adc0       ?GetPlotLastErr@@YGHXZ     1001bdc0 f   Avi_Plot.obj
 0001:0001adca       ?PlotInit@@YGHHH@Z         1001bdca f   Avi_Plot.obj
 0001:0001b0d6       ?PlotTest@@YGHH@Z          1001c0d6 f   Avi_Plot.obj
 0001:0001b5cd       ?SaveBmp@@YGHPAD@Z         1001c5cd f   Avi_Plot.obj
 0001:0001b964       ?PlotDispose@@YGHXZ        1001c964 f   Avi_Plot.obj
 0001:0001b9db       ?ClearPlot@@YGHXZ          1001c9db f   Avi_Plot.obj
 0001:0001ba00       ?IntoRows@@YGHHPAH0H@Z     1001ca00 f   Avi_Plot.obj
 0001:0001ba94       ?PlotVeh@@YGHXZ            1001ca94 f   Avi_Plot.obj
 0001:0001c50c       _Avi_Test@16               1001d50c f   Avi_Main.obj
 0001:0001c554       ?ReportVh@@YAHUtagVehSet@@@Z 1001d554 f   Avi_Main.obj
 0001:0001c624       ?ReportAx@@YAHH@Z          1001d624 f   Avi_Main.obj
 0001:0001c62e       ?VehState@@YGHH@Z          1001d62e f   Avi_Main.obj
 0001:0001c692       ?DrawVehBmp@@YGHPAD@Z      1001d692 f   Avi_Main.obj
 0001:0001c7c2       ?FormImage@@YGHHPAH0H@Z    1001d7c2 f   Avi_Main.obj
 0001:0001c7ea       _Avi_Init@0                1001d7ea f   Avi_Main.obj
 0001:0001c921       ?InitPlotEnVi@@YAHXZ       1001d921 f   Avi_Main.obj
 0001:0001c937       ?InitDb@@YAHXZ             1001d937 f   Avi_Main.obj
 0001:0001c96e       ?ClearGlobal@@YAXXZ        1001d96e f   Avi_Main.obj
 0001:0001c9f7       _LoadInISet@0              1001d9f7 f   Avi_Main.obj
 0001:0001ca15       _StartAviAlgo@0            1001da15 f   Avi_Main.obj
 0001:0001ca72       ?EndAqcWave@@YAXXZ         1001da72 f   Avi_Main.obj
 0001:0001cb0a       _StartAqcWave@0            1001db0a f   Avi_Main.obj
 0001:0001cd0f       ?JGRecNetData@@YAXPADH@Z   1001dd0f f   Avi_Main.obj
 0001:0001ce96       ?WaveThreadProc@@YGKPAX@Z  1001de96 f   Avi_Main.obj
 0001:0001d084       _ImportWvPath@4            1001e084 f   Avi_Main.obj
 0001:0001d12c       ?InitMutiEvent@@YAHXZ      1001e12c f   Avi_Main.obj
 0001:0001d2d4       ?ThreadMutiEvProc@@YGKPAX@Z 1001e2d4 f   Avi_Main.obj
 0001:0001d95b       ?TimerProc@@YGXPAUHWND__@@IIK@Z 1001e95b f   Avi_Main.obj
 0001:0001dba8       _Avi_Close@0               1001eba8 f   Avi_Main.obj
 0001:0001dbf0       _Avi_VehCount@0            1001ebf0 f   Avi_Main.obj
 0001:0001dc70       ?GetVehicle@@YA_NPAUtagVehSet@@PAD@Z 1001ec70 f   Avi_Main.obj
 0001:0001e322       ?platecheck@@YAHPAD0@Z     1001f322 f   Avi_Main.obj
 0001:0001e3e7       ?CameraCheck@@YAXPAD@Z     1001f3e7 f   Avi_Main.obj
 0001:0001e4ba       ?AxleTransform@@YAXPAUtagVehSet@@@Z 1001f4ba f   Avi_Main.obj
 0001:0001e775       ?VehClassfier@@YAHHH@Z     1001f775 f   Avi_Main.obj
 0001:0001e7ef       ?VehQueCheck@@YAXXZ        1001f7ef f   Avi_Main.obj
 0001:0001e8a0       _CleanHeadVeh@0            1001f8a0 f   Avi_Main.obj
 0001:0001e9d4       ?CreateHeadVeh@@YA_NXZ     1001f9d4 f   Avi_Main.obj
 0001:0001eb32       ?CleanEndVeh@@YA_NXZ       1001fb32 f   Avi_Main.obj
 0001:0001ec0b       _CleanQueVeh@0             1001fc0b f   Avi_Main.obj
 0001:0001ec5e       _WJ_EndVeh@0               1001fc5e f   Avi_Main.obj
 0001:0001ed3b       _GetMainSysSet@0           1001fd3b f   Avi_Main.obj
 0001:0001ed4b       _SetMainSysSet@8           1001fd4b f   Avi_Main.obj
 0001:0001ed99       _GetMainMdlSet@0           1001fd99 f   Avi_Main.obj
 0001:0001edc9       _SetMainMdlSet@16          1001fdc9 f   Avi_Main.obj
 0001:0001ee2c       _GetMainVoutSet@0          1001fe2c f   Avi_Main.obj
 0001:0001ee55       _SetMainVoutSet@12         1001fe55 f   Avi_Main.obj
 0001:0001eeaf       _GetMainLaserSet@0         1001feaf f   Avi_Main.obj
 0001:0001eece       _SetMainLaserSet@40        1001fece f   Avi_Main.obj
 0001:0001ef06       _Avi_WriteLog@4            1001ff06 f   Avi_Main.obj
 0001:0001ef20       _InitEngine@0              1001ff20 f   Avi_Main.obj
 0001:0001f013       _ReLoadEngine@0            10020013 f   Avi_Main.obj
 0001:0001f048       _ExitEngine@0              10020048 f   Avi_Main.obj
 0001:0001f078       _RegMainVReport@4          10020078 f   Avi_Main.obj
 0001:0001f0b1       _RegMainPlotIm@4           100200b1 f   Avi_Main.obj
 0001:0001f0ea       ?GetStatRoot@@YAXPAD@Z     100200ea f   Avi_Main.obj
 0001:0001f121       ?GetSyRoot@@YAXPAD@Z       10020121 f   Avi_Main.obj
 0001:0001f158       ?GetWaveRoot@@YAXPAD@Z     10020158 f   Avi_Main.obj
 0001:0001f18f       ?GetImageRoot@@YAXPAD@Z    1002018f f   Avi_Main.obj
 0001:0001f1c6       ?GetWJLogRoot@@YAXPAD@Z    100201c6 f   Avi_Main.obj
 0001:0001f1fd       ?GetMDBRoot@@YAXPAD@Z      100201fd f   Avi_Main.obj
 0001:0001f234       ?GetCameraRoot@@YAXPAD@Z   10020234 f   Avi_Main.obj
 0001:0001f26b       ?CheckRunDirectory@@YAXXZ  1002026b f   Avi_Main.obj
 0001:0001f49d       _Model_InitDevice@20       1002049d f   Avi_Main.obj
 0001:0001f4da       _Model_CloseDevice@0       100204da f   Avi_Main.obj
 0001:0001f4ed       _Model_Getinfo@8           100204ed f   Avi_Main.obj
 0001:0001f686       _Model_GetState@4          10020686 f   Avi_Main.obj
 0001:0001f6ac       _Model_Capture@0           100206ac f   Avi_Main.obj
 0001:0001f74f       _WjVr_InitDevice@12        1002074f f   Avi_Main.obj
 0001:0001f77b       _WjVr_GetState@0           1002077b f   Avi_Main.obj
 0001:0001f796       _WjVr_ClearOne@0           10020796 f   Avi_Main.obj
 0001:0001f7a9       _WjVr_GetVehicleCount@0    100207a9 f   Avi_Main.obj
 0001:0001f7d4       _WjVr_GetVehicleData@32    100207d4 f   Avi_Main.obj
 0001:0001f905       _WjVr_EndVehicle@0         10020905 f   Avi_Main.obj
 0001:0001f929       _WjVr_Close@0              10020929 f   Avi_Main.obj
 0001:0001f93c       _WjVr_GetPcl@8             1002093c f   Avi_Main.obj
 0001:0001f956       _WjVr_FlushQueue@0         10020956 f   Avi_Main.obj
 0001:0001f96c       _WjVr_GetCoID@16           1002096c f   Avi_Main.obj
 0001:000207d0       ?WriteLogFile@@YA_NPAD@Z   100217d0 f   IniProc.obj
 0001:00020aa8       ?GetIniRoot@@YAPADXZ       10021aa8 f   IniProc.obj
 0001:00020ae6       ?ReadAllPara@@YAXXZ        10021ae6 f   IniProc.obj
 0001:00020bd0       ?ReadModelPara@@YAXPAD@Z   10021bd0 f   IniProc.obj
 0001:00020d04       _SaveModelPara@4           10021d04 f   IniProc.obj
 0001:00020f1a       ?ReadLaserPara@@YAXPAD@Z   10021f1a f   IniProc.obj
 0001:00020ffc       _SaveLaserPara@4           10021ffc f   IniProc.obj
 0001:00021155       ?ReadSysParam@@YAXPAD@Z    10022155 f   IniProc.obj
 0001:00021291       _SaveSysPara@4             10022291 f   IniProc.obj
 0001:000214e0       ?ReadVoutPara@@YAXPAD@Z    100224e0 f   IniProc.obj
 0001:00021658       _SaveVoutPara@4            10022658 f   IniProc.obj
 0001:00021868       ?ReadWvFilePara@@YAXPAD@Z  10022868 f   IniProc.obj
 0001:000218cc       _SaveWvFilePara@4          100228cc f   IniProc.obj
 0001:000219a0       ?ReadCamPara@@YAXPAD@Z     100229a0 f   IniProc.obj
 0001:00021b88       _SaveCamPara@4             10022b88 f   IniProc.obj
 0001:00021e5d       ?ReadQuePara@@YAXPAD@Z     10022e5d f   IniProc.obj
 0001:00021f82       _SaveQuePara@4             10022f82 f   IniProc.obj
 0001:00022183       _SaveAllPara@0             10023183 f   IniProc.obj
 0001:00022870       ??0CJGProxy@@QAE@VCString@@IH@Z 10023870 f   JGProxy.obj
 0001:0002290e       ??0CJGProxy@@QAE@XZ        1002390e f   JGProxy.obj
 0001:000229f1       ??1CJGProxy@@UAE@XZ        100239f1 f   JGProxy.obj
 0001:00022a59       ?ConnectJG@CJGProxy@@QAEHXZ 10023a59 f   JGProxy.obj
 0001:00022b0c       ?RegRecCallBack@CJGProxy@@QAEHP6AXPADH@Z@Z 10023b0c f   JGProxy.obj
 0001:00022b2e       ?AqcSingleWv@CJGProxy@@QAEHXZ 10023b2e f   JGProxy.obj
 0001:00022be7       ?AqcContiWv@CJGProxy@@QAEHXZ 10023be7 f   JGProxy.obj
 0001:00022cab       ?StopContiWv@CJGProxy@@QAEHXZ 10023cab f   JGProxy.obj
 0001:00022d6f       ?SendStateCmd@CJGProxy@@QAEHXZ 10023d6f f   JGProxy.obj
 0001:00022e2f       ?CheckPermit@CJGProxy@@QAEHPADH@Z 10023e2f f   JGProxy.obj
 0001:00022f5d       ?StaticLostWave@CJGProxy@@QAEXII@Z 10023f5d f   JGProxy.obj
 0001:0002355b       ?SendBeatCmd@CJGProxy@@QAEHXZ 1002455b f   JGProxy.obj
 0001:00023990       ??_ECJGProxy@@UAEPAXI@Z    10024990 f i JGProxy.obj
 0001:00023990       ??_GCJGProxy@@UAEPAXI@Z    10024990 f i JGProxy.obj
 0001:00023ac6       ??1CLmdProc@@QAE@XZ        10024ac6 f   LmdsProc.obj
 0001:00023aea       ??0CLmdProc@@QAE@XZ        10024aea f   LmdsProc.obj
 0001:00023b46       ?ClearWaveSet@CLmdProc@@QAEXXZ 10024b46 f   LmdsProc.obj
 0001:00023b88       ?ResetReadSet@CLmdProc@@QAEXXZ 10024b88 f   LmdsProc.obj
 0001:00023bcc       ?SearchWave@CLmdProc@@QAEXVCString@@@Z 10024bcc f   LmdsProc.obj
 0001:00023e23       ?SearchChildFd@CLmdProc@@QAEXVCString@@@Z 10024e23 f   LmdsProc.obj
 0001:000240e3       ?SearchFolder@CLmdProc@@QAEXVCString@@@Z 100250e3 f   LmdsProc.obj
 0001:000244a2       ?IsLmdsFileCheck@CLmdProc@@QAEHVCString@@@Z 100254a2 f   LmdsProc.obj
 0001:000245a5       ?GetLmdByIndx@CLmdProc@@QAEHHPAUtagLmdInfo@@@Z 100255a5 f   LmdsProc.obj
 0001:0002488d       ?ParseLmdsFile@CLmdProc@@QAEHVCString@@@Z 1002588d f   LmdsProc.obj
 0001:00024bb4       ?ReadNextFram@CLmdProc@@QAEXPAUtagLmdInfo@@@Z 10025bb4 f   LmdsProc.obj
 0001:00024eff       ?GetItemName@CLmdProc@@QAEXPADVCString@@@Z 10025eff f   LmdsProc.obj
 0001:00025077       ?ReadPrevFram@CLmdProc@@QAEXPAUtagLmdInfo@@@Z 10026077 f   LmdsProc.obj
 0001:000253a6       ?ReadSingleLmd@CLmdProc@@QAEHVCString@@PAUtagLmdInfo@@@Z 100263a6 f   LmdsProc.obj
 0001:00025d40       ??1tagWaveList@@QAE@XZ     10026d40 f i LmdsProc.obj
 0001:00025dd0       ??0tagWaveList@@QAE@XZ     10026dd0 f i LmdsProc.obj
 0001:00025e80       __tcsstr                   10026e80 f i LmdsProc.obj
 0001:00025ec0       ??0?$vector@VCString@@V?$allocator@VCString@@@std@@@std@@QAE@ABV?$allocator@VCString@@@1@@Z 10026ec0 f i LmdsProc.obj
 0001:00025f10       ??1?$vector@VCString@@V?$allocator@VCString@@@std@@@std@@QAE@XZ 10026f10 f i LmdsProc.obj
 0001:00025fa0       ?size@?$vector@VCString@@V?$allocator@VCString@@@std@@@std@@QBEIXZ 10026fa0 f i LmdsProc.obj
 0001:00026000       ??A?$vector@VCString@@V?$allocator@VCString@@@std@@@std@@QAEAAVCString@@I@Z 10027000 f i LmdsProc.obj
 0001:00026040       ?push_back@?$vector@VCString@@V?$allocator@VCString@@@std@@@std@@QAEXABVCString@@@Z 10027040 f i LmdsProc.obj
 0001:00026080       ?clear@?$vector@VCString@@V?$allocator@VCString@@@std@@@std@@QAEXXZ 10027080 f i LmdsProc.obj
 0001:000260d0       ?begin@?$vector@VCString@@V?$allocator@VCString@@@std@@@std@@QAEPAVCString@@XZ 100270d0 f i LmdsProc.obj
 0001:000260f0       ?end@?$vector@VCString@@V?$allocator@VCString@@@std@@@std@@QAEPAVCString@@XZ 100270f0 f i LmdsProc.obj
 0001:00026110       ?insert@?$vector@VCString@@V?$allocator@VCString@@@std@@@std@@QAEPAVCString@@PAV3@ABV3@@Z 10027110 f i LmdsProc.obj
 0001:00026180       ?erase@?$vector@VCString@@V?$allocator@VCString@@@std@@@std@@QAEPAVCString@@PAV3@0@Z 10027180 f i LmdsProc.obj
 0001:00026200       ?_Destroy@?$vector@VCString@@V?$allocator@VCString@@@std@@@std@@IAEXPAVCString@@0@Z 10027200 f i LmdsProc.obj
 0001:00026250       ?deallocate@?$allocator@VCString@@@std@@QAEXPAXI@Z 10027250 f i LmdsProc.obj
 0001:00026290       ?insert@?$vector@VCString@@V?$allocator@VCString@@@std@@@std@@QAEXPAVCString@@IABV3@@Z 10027290 f i LmdsProc.obj
 0001:00026550       ?destroy@?$allocator@VCString@@@std@@QAEXPAVCString@@@Z 10027550 f i LmdsProc.obj
 0001:00026590       ?_Ucopy@?$vector@VCString@@V?$allocator@VCString@@@std@@@std@@IAEPAVCString@@PBV3@0PAV3@@Z 10027590 f i LmdsProc.obj
 0001:00026600       ?_Ufill@?$vector@VCString@@V?$allocator@VCString@@@std@@@std@@IAEXPAVCString@@IABV3@@Z 10027600 f i LmdsProc.obj
 0001:00026660       ?allocate@?$allocator@VCString@@@std@@QAEPAVCString@@IPBX@Z 10027660 f i LmdsProc.obj
 0001:000266a0       ?construct@?$allocator@VCString@@@std@@QAEXPAVCString@@ABV3@@Z 100276a0 f i LmdsProc.obj
 0001:000266e0       ?copy@std@@YAPAVCString@@PAV2@00@Z 100276e0 f i LmdsProc.obj
 0001:00026730       ?fill@std@@YAXPAVCString@@0ABV2@@Z 10027730 f i LmdsProc.obj
 0001:00026770       ?copy_backward@std@@YAPAVCString@@PAV2@00@Z 10027770 f i LmdsProc.obj
 0001:000267c0       ?_Destroy@std@@YAXPAVCString@@@Z 100277c0 f i LmdsProc.obj
 0001:000267e0       ?_Allocate@std@@YAPAVCString@@HPAV2@@Z 100277e0 f i LmdsProc.obj
 0001:00026820       ?_Construct@std@@YAXPAVCString@@ABV2@@Z 10027820 f i LmdsProc.obj
 0001:000268d0       ??2@YAPAXIPAX@Z            100278d0 f i LmdsProc.obj
 0001:000268e0       ??3@YAXPAX0@Z              100278e0 f i LmdsProc.obj
 0001:000268f0       ??_GCString@@QAEPAXI@Z     100278f0 f i LmdsProc.obj
 0001:00026940       ??0CNetMgr@@QAE@XZ         10027940 f   NetMgr.obj
 0001:00026970       ??1CNetMgr@@UAE@XZ         10027970 f   NetMgr.obj
 0001:0002699d       ?OnInit@CNetMgr@@QAEXXZ    1002799d f   NetMgr.obj
 0001:00026a6c       ?ConnectSvr@CNetMgr@@QAEHXZ 10027a6c f   NetMgr.obj
 0001:00026e65       ?StaRecConTh@CNetMgr@@QAEHXZ 10027e65 f   NetMgr.obj
 0001:00026edd       ?RecvThread@CNetMgr@@SGKPAX@Z 10027edd f   NetMgr.obj
 0001:000270a7       ?DisConnSvr@CNetMgr@@QAEHXZ 100280a7 f   NetMgr.obj
 0001:0002710b       ?SendData@CNetMgr@@QAEHPADH@Z 1002810b f   NetMgr.obj
 0001:000271d0       ?RecConThread@CNetMgr@@SGKPAX@Z 100281d0 f   NetMgr.obj
 0001:0002730a       ?Dispose@CNetMgr@@QAEHXZ   1002830a f   NetMgr.obj
 0001:00027630       ??_ECNetMgr@@UAEPAXI@Z     10028630 f i NetMgr.obj
 0001:00027630       ??_GCNetMgr@@UAEPAXI@Z     10028630 f i NetMgr.obj
 0001:00027736       ?InitCamera@@YAHXZ         10028736 f   Camera.obj
 0001:00027a34       ?Closecarmer@@YAXXZ        10028a34 f   Camera.obj
 0001:00027b22       ?SDK_OnPlate1@@YGXPAXPBD11PADI2IFFFFMIIIIIIII@Z 10028b22 f   Camera.obj
 0001:00027b8e       ?SDK_OnPlate0@@YGXPAXPBD11PADI2IFFFFMIIIIIIII@Z 10028b8e f   Camera.obj
 0001:00027bfa       ?ConnectCamera@@YAXXZ      10028bfa f   Camera.obj
 0001:00027e34       ?ICEIPCSDKPlateSdk1@@YAXPBD00JJJJJJJJMJJJJJJIIH@Z 10028e34 f   Camera.obj
 0001:00028544       ?ICEIPCSDKPlateSdk0@@YAXPBD00JJJJJJJJMJJJJJJIIH@Z 10029544 f   Camera.obj
 0001:00028c54       ?OnCapture@@YAXXZ          10029c54 f   Camera.obj
 0001:00028ce3       ?GetCamerInfor@@YAXVCString@@@Z 10029ce3 f   Camera.obj
 0001:00028d33       ?ReadModelParam@@YAXXZ     10029d33 f   Camera.obj
 0001:00028d38       ?colortest@@YAXXZ          10029d38 f   Camera.obj
 0001:00028ecf       ?mkdir_p@@YAXPBD@Z         10029ecf f   Camera.obj
 0001:00029610       ?OpenMdb@@YAHXZ            1002a610 f   Avi_DB.obj
 0001:000299f8       ?CreateDB@@YAHPBD@Z        1002a9f8 f   Avi_DB.obj
 0001:0002b737       ?Add2Db@@YAXUtagVehSet@@@Z 1002c737 f   Avi_DB.obj
 0001:0002e1b0       ??0_bstr_t@@QAE@PBD@Z      1002f1b0 f i Avi_DB.obj
 0001:0002e280       ??1_bstr_t@@QAE@XZ         1002f280 f i Avi_DB.obj
 0001:0002e2b0       ?_Free@_bstr_t@@AAEXXZ     1002f2b0 f i Avi_DB.obj
 0001:0002e300       ??0Data_t@_bstr_t@@QAE@PBD@Z 1002f300 f i Avi_DB.obj
 0001:0002e380       ?Release@Data_t@_bstr_t@@QAEKXZ 1002f380 f i Avi_DB.obj
 0001:0002e420       ??_GData_t@_bstr_t@@AAEPAXI@Z 1002f420 f i Avi_DB.obj
 0001:0002e470       ??1Data_t@_bstr_t@@AAE@XZ  1002f470 f i Avi_DB.obj
 0001:0002e4a0       ?_Free@Data_t@_bstr_t@@AAEXXZ 1002f4a0 f i Avi_DB.obj
 0001:0002e520       ??0_variant_t@@QAE@PBD@Z   1002f520 f i Avi_DB.obj
 0001:0002e590       ??0_variant_t@@QAE@PAUIDispatch@@_N@Z 1002f590 f i Avi_DB.obj
 0001:0002e610       ??1_variant_t@@QAE@XZ      1002f610 f i Avi_DB.obj
 0001:0002e660       ?CheckError@_com_util@@YAXJ@Z 1002f660 f i Avi_DB.obj
 0001:0002e690       ??0_bstr_t@@QAE@XZ         1002f690 f i Avi_DB.obj
 0001:0002e6c0       ??0_variant_t@@QAE@JG@Z    1002f6c0 f i Avi_DB.obj
 0001:0002e7a0       ??0_variant_t@@QAE@_N@Z    1002f7a0 f i Avi_DB.obj
 0001:0002e7e0       ?GetCount@_Collection@ADOX@@QAEJXZ 1002f7e0 f i Avi_DB.obj
 0001:0002e860       ?Refresh@_Collection@ADOX@@QAEJXZ 1002f860 f i Avi_DB.obj
 0001:0002e8d0       ?GetTables@_Catalog@ADOX@@QAE?AV?$_com_ptr_t@V?$_com_IIID@UTables@ADOX@@$1?_GUID_00000611_0000_0010_8000_00aa006d2ea4@@3U__s_GUID@@A@@@@XZ 1002f8d0 f i Avi_DB.obj
 0001:0002e980       ?PutActiveConnection@_Catalog@ADOX@@QAEXABV_variant_t@@@Z 1002f980 f i Avi_DB.obj
 0001:0002ea40       ?Create@_Catalog@ADOX@@QAE?AV_variant_t@@V_bstr_t@@@Z 1002fa40 f i Avi_DB.obj
 0001:0002eb60       ??B_bstr_t@@QBEPAGXZ       1002fb60 f i Avi_DB.obj
 0001:0002ebc0       ?GetWString@Data_t@_bstr_t@@QBEPBGXZ 1002fbc0 f i Avi_DB.obj
 0001:0002ebe0       ??0_variant_t@@QAE@AAUtagVARIANT@@_N@Z 1002fbe0 f i Avi_DB.obj
 0001:0002ec80       ?Append@Tables@ADOX@@QAEJABV_variant_t@@@Z 1002fc80 f i Avi_DB.obj
 0001:0002ed50       ?GetColumns@_Table@ADOX@@QAE?AV?$_com_ptr_t@V?$_com_IIID@UColumns@ADOX@@$1?_GUID_0000061d_0000_0010_8000_00aa006d2ea4@@3U__s_GUID@@A@@@@XZ 1002fd50 f i Avi_DB.obj
 0001:0002ee00       ?PutName@_Table@ADOX@@QAEXV_bstr_t@@@Z 1002fe00 f i Avi_DB.obj
 0001:0002eec0       ?GetIndexes@_Table@ADOX@@QAE?AV?$_com_ptr_t@V?$_com_IIID@UIndexes@ADOX@@$1?_GUID_00000620_0000_0010_8000_00aa006d2ea4@@3U__s_GUID@@A@@@@XZ 1002fec0 f i Avi_DB.obj
 0001:0002ef70       ?PutRefParentCatalog@_Table@ADOX@@QAEXPAU_Catalog@2@@Z 1002ff70 f i Avi_DB.obj
 0001:0002eff0       ?GetItem@Columns@ADOX@@QAE?AV?$_com_ptr_t@V?$_com_IIID@U_Column@ADOX@@$1?_GUID_0000061c_0000_0010_8000_00aa006d2ea4@@3U__s_GUID@@A@@@@ABV_variant_t@@@Z 1002fff0 f i Avi_DB.obj
 0001:0002f0f0       ?Append@Columns@ADOX@@QAEJABV_variant_t@@W4DataTypeEnum@2@J@Z 100300f0 f i Avi_DB.obj
 0001:0002f1c0       ?GetProperties@_Column@ADOX@@QAE?AV?$_com_ptr_t@V?$_com_IIID@UProperties@ADOX@@$1?_GUID_00000504_0000_0010_8000_00aa006d2ea4@@3U__s_GUID@@A@@@@XZ 100301c0 f i Avi_DB.obj
 0001:0002f270       ?PutRefParentCatalog@_Column@ADOX@@QAEXPAU_Catalog@2@@Z 10030270 f i Avi_DB.obj
 0001:0002f2f0       ?GetItem@Properties@ADOX@@QAE?AV?$_com_ptr_t@V?$_com_IIID@UProperty@ADOX@@$1?_GUID_00000503_0000_0010_8000_00aa006d2ea4@@3U__s_GUID@@A@@@@ABV_variant_t@@@Z 100302f0 f i Avi_DB.obj
 0001:0002f3f0       ?PutValue@Property@ADOX@@QAEXABV_variant_t@@@Z 100303f0 f i Avi_DB.obj
 0001:0002f4b0       ?Append@Indexes@ADOX@@QAEJABV_variant_t@@0@Z 100304b0 f i Avi_DB.obj
 0001:0002f5b0       ?PutName@_Index@ADOX@@QAEXV_bstr_t@@@Z 100305b0 f i Avi_DB.obj
 0001:0002f670       ?PutPrimaryKey@_Index@ADOX@@QAEXF@Z 10030670 f i Avi_DB.obj
 0001:0002f6f0       ?PutUnique@_Index@ADOX@@QAEXF@Z 100306f0 f i Avi_DB.obj
 0001:0002f770       ?GetColumns@_Index@ADOX@@QAE?AV?$_com_ptr_t@V?$_com_IIID@UColumns@ADOX@@$1?_GUID_0000061d_0000_0010_8000_00aa006d2ea4@@3U__s_GUID@@A@@@@XZ 10030770 f i Avi_DB.obj
 0001:0002f820       ?PutCommandTimeout@Connection15@ADODB@@QAEXJ@Z 10030820 f i Avi_DB.obj
 0001:0002f8a0       ?PutConnectionTimeout@Connection15@ADODB@@QAEXJ@Z 100308a0 f i Avi_DB.obj
 0001:0002f920       ?Close@Connection15@ADODB@@QAEJXZ 10030920 f i Avi_DB.obj
 0001:0002f990       ?Open@Connection15@ADODB@@QAEJV_bstr_t@@00J@Z 10030990 f i Avi_DB.obj
 0001:0002faa0       ?AddNew@Recordset15@ADODB@@QAEJABV_variant_t@@0@Z 10030aa0 f i Avi_DB.obj
 0001:0002fba0       ?Close@Recordset15@ADODB@@QAEJXZ 10030ba0 f i Avi_DB.obj
 0001:0002fc20       ?Open@Recordset15@ADODB@@QAEJABV_variant_t@@0W4CursorTypeEnum@2@W4LockTypeEnum@2@J@Z 10030c20 f i Avi_DB.obj
 0001:0002fd40       ?Update@Recordset15@ADODB@@QAEJABV_variant_t@@0@Z 10030d40 f i Avi_DB.obj
 0001:0002fe50       ?PutCollect@Recordset15@ADODB@@QAEXABV_variant_t@@0@Z 10030e50 f i Avi_DB.obj
 0001:0002ff50       ??0?$_com_ptr_t@V?$_com_IIID@UTables@ADOX@@$1?_GUID_00000611_0000_0010_8000_00aa006d2ea4@@3U__s_GUID@@A@@@@QAE@PAUTables@ADOX@@_N@Z 10030f50 f i Avi_DB.obj
 0001:0002ffa0       ??1?$_com_ptr_t@V?$_com_IIID@UTables@ADOX@@$1?_GUID_00000611_0000_0010_8000_00aa006d2ea4@@3U__s_GUID@@A@@@@QAE@XZ 10030fa0 f i Avi_DB.obj
 0001:0002ffd0       ??C?$_com_ptr_t@V?$_com_IIID@UTables@ADOX@@$1?_GUID_00000611_0000_0010_8000_00aa006d2ea4@@3U__s_GUID@@A@@@@QBEPAUTables@ADOX@@XZ 10030fd0 f i Avi_DB.obj
 0001:00030010       ??0?$_com_ptr_t@V?$_com_IIID@U_Table@ADOX@@$1?_GUID_00000610_0000_0010_8000_00aa006d2ea4@@3U__s_GUID@@A@@@@QAE@H@Z 10031010 f i Avi_DB.obj
 0001:00030060       ??1?$_com_ptr_t@V?$_com_IIID@U_Table@ADOX@@$1?_GUID_00000610_0000_0010_8000_00aa006d2ea4@@3U__s_GUID@@A@@@@QAE@XZ 10031060 f i Avi_DB.obj
 0001:00030090       ??B?$_com_ptr_t@V?$_com_IIID@U_Table@ADOX@@$1?_GUID_00000610_0000_0010_8000_00aa006d2ea4@@3U__s_GUID@@A@@@@QBEPAU_Table@ADOX@@XZ 10031090 f i Avi_DB.obj
 0001:000300b0       ??C?$_com_ptr_t@V?$_com_IIID@U_Table@ADOX@@$1?_GUID_00000610_0000_0010_8000_00aa006d2ea4@@3U__s_GUID@@A@@@@QBEPAU_Table@ADOX@@XZ 100310b0 f i Avi_DB.obj
 0001:000300f0       ?CreateInstance@?$_com_ptr_t@V?$_com_IIID@U_Table@ADOX@@$1?_GUID_00000610_0000_0010_8000_00aa006d2ea4@@3U__s_GUID@@A@@@@QAEJPBDPAUIUnknown@@K@Z 100310f0 f i Avi_DB.obj
 0001:00030220       ??0?$_com_ptr_t@V?$_com_IIID@UColumns@ADOX@@$1?_GUID_0000061d_0000_0010_8000_00aa006d2ea4@@3U__s_GUID@@A@@@@QAE@PAUColumns@ADOX@@_N@Z 10031220 f i Avi_DB.obj
 0001:00030270       ??1?$_com_ptr_t@V?$_com_IIID@UColumns@ADOX@@$1?_GUID_0000061d_0000_0010_8000_00aa006d2ea4@@3U__s_GUID@@A@@@@QAE@XZ 10031270 f i Avi_DB.obj
 0001:000302a0       ??C?$_com_ptr_t@V?$_com_IIID@UColumns@ADOX@@$1?_GUID_0000061d_0000_0010_8000_00aa006d2ea4@@3U__s_GUID@@A@@@@QBEPAUColumns@ADOX@@XZ 100312a0 f i Avi_DB.obj
 0001:000302e0       ??0?$_com_ptr_t@V?$_com_IIID@UIndexes@ADOX@@$1?_GUID_00000620_0000_0010_8000_00aa006d2ea4@@3U__s_GUID@@A@@@@QAE@PAUIndexes@ADOX@@_N@Z 100312e0 f i Avi_DB.obj
 0001:00030330       ??1?$_com_ptr_t@V?$_com_IIID@UIndexes@ADOX@@$1?_GUID_00000620_0000_0010_8000_00aa006d2ea4@@3U__s_GUID@@A@@@@QAE@XZ 10031330 f i Avi_DB.obj
 0001:00030360       ??C?$_com_ptr_t@V?$_com_IIID@UIndexes@ADOX@@$1?_GUID_00000620_0000_0010_8000_00aa006d2ea4@@3U__s_GUID@@A@@@@QBEPAUIndexes@ADOX@@XZ 10031360 f i Avi_DB.obj
 0001:000303a0       ??0?$_com_ptr_t@V?$_com_IIID@UProperties@ADOX@@$1?_GUID_00000504_0000_0010_8000_00aa006d2ea4@@3U__s_GUID@@A@@@@QAE@PAUProperties@ADOX@@_N@Z 100313a0 f i Avi_DB.obj
 0001:000303f0       ??1?$_com_ptr_t@V?$_com_IIID@UProperties@ADOX@@$1?_GUID_00000504_0000_0010_8000_00aa006d2ea4@@3U__s_GUID@@A@@@@QAE@XZ 100313f0 f i Avi_DB.obj
 0001:00030420       ??C?$_com_ptr_t@V?$_com_IIID@UProperties@ADOX@@$1?_GUID_00000504_0000_0010_8000_00aa006d2ea4@@3U__s_GUID@@A@@@@QBEPAUProperties@ADOX@@XZ 10031420 f i Avi_DB.obj
 0001:00030460       ??0?$_com_ptr_t@V?$_com_IIID@U_Catalog@ADOX@@$1?_GUID_00000603_0000_0010_8000_00aa006d2ea4@@3U__s_GUID@@A@@@@QAE@ABU_GUID@@PAUIUnknown@@K@Z 10031460 f i Avi_DB.obj
 0001:000304e0       ??1?$_com_ptr_t@V?$_com_IIID@U_Catalog@ADOX@@$1?_GUID_00000603_0000_0010_8000_00aa006d2ea4@@3U__s_GUID@@A@@@@QAE@XZ 100314e0 f i Avi_DB.obj
 0001:00030510       ??B?$_com_ptr_t@V?$_com_IIID@U_Catalog@ADOX@@$1?_GUID_00000603_0000_0010_8000_00aa006d2ea4@@3U__s_GUID@@A@@@@QBEPAU_Catalog@ADOX@@XZ 10031510 f i Avi_DB.obj
 0001:00030530       ??C?$_com_ptr_t@V?$_com_IIID@U_Catalog@ADOX@@$1?_GUID_00000603_0000_0010_8000_00aa006d2ea4@@3U__s_GUID@@A@@@@QBEPAU_Catalog@ADOX@@XZ 10031530 f i Avi_DB.obj
 0001:00030570       ?CreateInstance@?$_com_ptr_t@V?$_com_IIID@U_Catalog@ADOX@@$1?_GUID_00000603_0000_0010_8000_00aa006d2ea4@@3U__s_GUID@@A@@@@QAEJPBDPAUIUnknown@@K@Z 10031570 f i Avi_DB.obj
 0001:000306a0       ??0?$_com_ptr_t@V?$_com_IIID@U_Column@ADOX@@$1?_GUID_0000061c_0000_0010_8000_00aa006d2ea4@@3U__s_GUID@@A@@@@QAE@PAU_Column@ADOX@@_N@Z 100316a0 f i Avi_DB.obj
 0001:000306f0       ??1?$_com_ptr_t@V?$_com_IIID@U_Column@ADOX@@$1?_GUID_0000061c_0000_0010_8000_00aa006d2ea4@@3U__s_GUID@@A@@@@QAE@XZ 100316f0 f i Avi_DB.obj
 0001:00030720       ??C?$_com_ptr_t@V?$_com_IIID@U_Column@ADOX@@$1?_GUID_0000061c_0000_0010_8000_00aa006d2ea4@@3U__s_GUID@@A@@@@QBEPAU_Column@ADOX@@XZ 10031720 f i Avi_DB.obj
 0001:00030760       ??0?$_com_ptr_t@V?$_com_IIID@UProperty@ADOX@@$1?_GUID_00000503_0000_0010_8000_00aa006d2ea4@@3U__s_GUID@@A@@@@QAE@PAUProperty@ADOX@@_N@Z 10031760 f i Avi_DB.obj
 0001:000307b0       ??1?$_com_ptr_t@V?$_com_IIID@UProperty@ADOX@@$1?_GUID_00000503_0000_0010_8000_00aa006d2ea4@@3U__s_GUID@@A@@@@QAE@XZ 100317b0 f i Avi_DB.obj
 0001:000307e0       ??C?$_com_ptr_t@V?$_com_IIID@UProperty@ADOX@@$1?_GUID_00000503_0000_0010_8000_00aa006d2ea4@@3U__s_GUID@@A@@@@QBEPAUProperty@ADOX@@XZ 100317e0 f i Avi_DB.obj
 0001:00030820       ??0?$_com_ptr_t@V?$_com_IIID@U_Index@ADOX@@$1?_GUID_0000061f_0000_0010_8000_00aa006d2ea4@@3U__s_GUID@@A@@@@QAE@H@Z 10031820 f i Avi_DB.obj
 0001:00030870       ??4?$_com_ptr_t@V?$_com_IIID@U_Index@ADOX@@$1?_GUID_0000061f_0000_0010_8000_00aa006d2ea4@@3U__s_GUID@@A@@@@QAEAAV0@H@Z 10031870 f i Avi_DB.obj
 0001:000308c0       ??1?$_com_ptr_t@V?$_com_IIID@U_Index@ADOX@@$1?_GUID_0000061f_0000_0010_8000_00aa006d2ea4@@3U__s_GUID@@A@@@@QAE@XZ 100318c0 f i Avi_DB.obj
 0001:000308f0       ??B?$_com_ptr_t@V?$_com_IIID@U_Index@ADOX@@$1?_GUID_0000061f_0000_0010_8000_00aa006d2ea4@@3U__s_GUID@@A@@@@QBEPAU_Index@ADOX@@XZ 100318f0 f i Avi_DB.obj
 0001:00030910       ??C?$_com_ptr_t@V?$_com_IIID@U_Index@ADOX@@$1?_GUID_0000061f_0000_0010_8000_00aa006d2ea4@@3U__s_GUID@@A@@@@QBEPAU_Index@ADOX@@XZ 10031910 f i Avi_DB.obj
 0001:00030950       ?CreateInstance@?$_com_ptr_t@V?$_com_IIID@U_Index@ADOX@@$1?_GUID_0000061f_0000_0010_8000_00aa006d2ea4@@3U__s_GUID@@A@@@@QAEJPBDPAUIUnknown@@K@Z 10031950 f i Avi_DB.obj
 0001:00030a80       ??0?$_com_ptr_t@V?$_com_IIID@U_Connection@ADODB@@$1?_GUID_00001550_0000_0010_8000_00aa006d2ea4@@3U__s_GUID@@A@@@@QAE@XZ 10031a80 f i Avi_DB.obj
 0001:00030ab0       ??0?$_com_ptr_t@V?$_com_IIID@U_Connection@ADODB@@$1?_GUID_00001550_0000_0010_8000_00aa006d2ea4@@3U__s_GUID@@A@@@@QAE@ABU_GUID@@PAUIUnknown@@K@Z 10031ab0 f i Avi_DB.obj
 0001:00030b30       ??1?$_com_ptr_t@V?$_com_IIID@U_Connection@ADODB@@$1?_GUID_00001550_0000_0010_8000_00aa006d2ea4@@3U__s_GUID@@A@@@@QAE@XZ 10031b30 f i Avi_DB.obj
 0001:00030b60       ??B?$_com_ptr_t@V?$_com_IIID@U_Connection@ADODB@@$1?_GUID_00001550_0000_0010_8000_00aa006d2ea4@@3U__s_GUID@@A@@@@QBEPAU_Connection@ADODB@@XZ 10031b60 f i Avi_DB.obj
 0001:00030b80       ??C?$_com_ptr_t@V?$_com_IIID@U_Connection@ADODB@@$1?_GUID_00001550_0000_0010_8000_00aa006d2ea4@@3U__s_GUID@@A@@@@QBEPAU_Connection@ADODB@@XZ 10031b80 f i Avi_DB.obj
 0001:00030bc0       ?Release@?$_com_ptr_t@V?$_com_IIID@U_Connection@ADODB@@$1?_GUID_00001550_0000_0010_8000_00aa006d2ea4@@3U__s_GUID@@A@@@@QAEXXZ 10031bc0 f i Avi_DB.obj
 0001:00030c30       ?CreateInstance@?$_com_ptr_t@V?$_com_IIID@U_Connection@ADODB@@$1?_GUID_00001550_0000_0010_8000_00aa006d2ea4@@3U__s_GUID@@A@@@@QAEJPBDPAUIUnknown@@K@Z 10031c30 f i Avi_DB.obj
 0001:00030d60       ??0?$_com_ptr_t@V?$_com_IIID@U_Recordset@ADODB@@$1?_GUID_00001556_0000_0010_8000_00aa006d2ea4@@3U__s_GUID@@A@@@@QAE@ABU_GUID@@PAUIUnknown@@K@Z 10031d60 f i Avi_DB.obj
 0001:00030de0       ??1?$_com_ptr_t@V?$_com_IIID@U_Recordset@ADODB@@$1?_GUID_00001556_0000_0010_8000_00aa006d2ea4@@3U__s_GUID@@A@@@@QAE@XZ 10031de0 f i Avi_DB.obj
 0001:00030e10       ??C?$_com_ptr_t@V?$_com_IIID@U_Recordset@ADODB@@$1?_GUID_00001556_0000_0010_8000_00aa006d2ea4@@3U__s_GUID@@A@@@@QBEPAU_Recordset@ADODB@@XZ 10031e10 f i Avi_DB.obj
 0001:00030e50       ?Release@?$_com_ptr_t@V?$_com_IIID@U_Recordset@ADODB@@$1?_GUID_00001556_0000_0010_8000_00aa006d2ea4@@3U__s_GUID@@A@@@@QAEXXZ 10031e50 f i Avi_DB.obj
 0001:00030ec0       ?_Release@?$_com_ptr_t@V?$_com_IIID@UTables@ADOX@@$1?_GUID_00000611_0000_0010_8000_00aa006d2ea4@@3U__s_GUID@@A@@@@AAEXXZ 10031ec0 f i Avi_DB.obj
 0001:00030f10       ?_AddRef@?$_com_ptr_t@V?$_com_IIID@UTables@ADOX@@$1?_GUID_00000611_0000_0010_8000_00aa006d2ea4@@3U__s_GUID@@A@@@@AAEXXZ 10031f10 f i Avi_DB.obj
 0001:00030f60       ?CreateInstance@?$_com_ptr_t@V?$_com_IIID@U_Table@ADOX@@$1?_GUID_00000610_0000_0010_8000_00aa006d2ea4@@3U__s_GUID@@A@@@@QAEJPAGPAUIUnknown@@K@Z 10031f60 f i Avi_DB.obj
 0001:00031030       ?_Release@?$_com_ptr_t@V?$_com_IIID@U_Table@ADOX@@$1?_GUID_00000610_0000_0010_8000_00aa006d2ea4@@3U__s_GUID@@A@@@@AAEXXZ 10032030 f i Avi_DB.obj
 0001:00031080       ?_Release@?$_com_ptr_t@V?$_com_IIID@UColumns@ADOX@@$1?_GUID_0000061d_0000_0010_8000_00aa006d2ea4@@3U__s_GUID@@A@@@@AAEXXZ 10032080 f i Avi_DB.obj
 0001:000310d0       ?_AddRef@?$_com_ptr_t@V?$_com_IIID@UColumns@ADOX@@$1?_GUID_0000061d_0000_0010_8000_00aa006d2ea4@@3U__s_GUID@@A@@@@AAEXXZ 100320d0 f i Avi_DB.obj
 0001:00031120       ?_Release@?$_com_ptr_t@V?$_com_IIID@UIndexes@ADOX@@$1?_GUID_00000620_0000_0010_8000_00aa006d2ea4@@3U__s_GUID@@A@@@@AAEXXZ 10032120 f i Avi_DB.obj
 0001:00031170       ?_AddRef@?$_com_ptr_t@V?$_com_IIID@UIndexes@ADOX@@$1?_GUID_00000620_0000_0010_8000_00aa006d2ea4@@3U__s_GUID@@A@@@@AAEXXZ 10032170 f i Avi_DB.obj
 0001:000311c0       ?_Release@?$_com_ptr_t@V?$_com_IIID@UProperties@ADOX@@$1?_GUID_00000504_0000_0010_8000_00aa006d2ea4@@3U__s_GUID@@A@@@@AAEXXZ 100321c0 f i Avi_DB.obj
 0001:00031210       ?_AddRef@?$_com_ptr_t@V?$_com_IIID@UProperties@ADOX@@$1?_GUID_00000504_0000_0010_8000_00aa006d2ea4@@3U__s_GUID@@A@@@@AAEXXZ 10032210 f i Avi_DB.obj
 0001:00031260       ?CreateInstance@?$_com_ptr_t@V?$_com_IIID@U_Catalog@ADOX@@$1?_GUID_00000603_0000_0010_8000_00aa006d2ea4@@3U__s_GUID@@A@@@@QAEJABU_GUID@@PAUIUnknown@@K@Z 10032260 f i Avi_DB.obj
 0001:000313a0       ?CreateInstance@?$_com_ptr_t@V?$_com_IIID@U_Catalog@ADOX@@$1?_GUID_00000603_0000_0010_8000_00aa006d2ea4@@3U__s_GUID@@A@@@@QAEJPAGPAUIUnknown@@K@Z 100323a0 f i Avi_DB.obj
 0001:00031470       ?_Release@?$_com_ptr_t@V?$_com_IIID@U_Catalog@ADOX@@$1?_GUID_00000603_0000_0010_8000_00aa006d2ea4@@3U__s_GUID@@A@@@@AAEXXZ 10032470 f i Avi_DB.obj
 0001:000314c0       ?_Release@?$_com_ptr_t@V?$_com_IIID@U_Column@ADOX@@$1?_GUID_0000061c_0000_0010_8000_00aa006d2ea4@@3U__s_GUID@@A@@@@AAEXXZ 100324c0 f i Avi_DB.obj
 0001:00031510       ?_AddRef@?$_com_ptr_t@V?$_com_IIID@U_Column@ADOX@@$1?_GUID_0000061c_0000_0010_8000_00aa006d2ea4@@3U__s_GUID@@A@@@@AAEXXZ 10032510 f i Avi_DB.obj
 0001:00031560       ?_Release@?$_com_ptr_t@V?$_com_IIID@UProperty@ADOX@@$1?_GUID_00000503_0000_0010_8000_00aa006d2ea4@@3U__s_GUID@@A@@@@AAEXXZ 10032560 f i Avi_DB.obj
 0001:000315b0       ?_AddRef@?$_com_ptr_t@V?$_com_IIID@UProperty@ADOX@@$1?_GUID_00000503_0000_0010_8000_00aa006d2ea4@@3U__s_GUID@@A@@@@AAEXXZ 100325b0 f i Avi_DB.obj
 0001:00031600       ??4?$_com_ptr_t@V?$_com_IIID@U_Index@ADOX@@$1?_GUID_0000061f_0000_0010_8000_00aa006d2ea4@@3U__s_GUID@@A@@@@QAEAAV0@PAU_Index@ADOX@@@Z 10032600 f i Avi_DB.obj
 0001:00031690       ?CreateInstance@?$_com_ptr_t@V?$_com_IIID@U_Index@ADOX@@$1?_GUID_0000061f_0000_0010_8000_00aa006d2ea4@@3U__s_GUID@@A@@@@QAEJPAGPAUIUnknown@@K@Z 10032690 f i Avi_DB.obj
 0001:00031760       ?_Release@?$_com_ptr_t@V?$_com_IIID@U_Index@ADOX@@$1?_GUID_0000061f_0000_0010_8000_00aa006d2ea4@@3U__s_GUID@@A@@@@AAEXXZ 10032760 f i Avi_DB.obj
 0001:000317b0       ?_AddRef@?$_com_ptr_t@V?$_com_IIID@U_Index@ADOX@@$1?_GUID_0000061f_0000_0010_8000_00aa006d2ea4@@3U__s_GUID@@A@@@@AAEXXZ 100327b0 f i Avi_DB.obj
 0001:00031800       ?CreateInstance@?$_com_ptr_t@V?$_com_IIID@U_Connection@ADODB@@$1?_GUID_00001550_0000_0010_8000_00aa006d2ea4@@3U__s_GUID@@A@@@@QAEJABU_GUID@@PAUIUnknown@@K@Z 10032800 f i Avi_DB.obj
 0001:00031940       ?CreateInstance@?$_com_ptr_t@V?$_com_IIID@U_Connection@ADODB@@$1?_GUID_00001550_0000_0010_8000_00aa006d2ea4@@3U__s_GUID@@A@@@@QAEJPAGPAUIUnknown@@K@Z 10032940 f i Avi_DB.obj
 0001:00031a10       ?_Release@?$_com_ptr_t@V?$_com_IIID@U_Connection@ADODB@@$1?_GUID_00001550_0000_0010_8000_00aa006d2ea4@@3U__s_GUID@@A@@@@AAEXXZ 10032a10 f i Avi_DB.obj
 0001:00031a60       ?CreateInstance@?$_com_ptr_t@V?$_com_IIID@U_Recordset@ADODB@@$1?_GUID_00001556_0000_0010_8000_00aa006d2ea4@@3U__s_GUID@@A@@@@QAEJABU_GUID@@PAUIUnknown@@K@Z 10032a60 f i Avi_DB.obj
 0001:00031ba0       ?_Release@?$_com_ptr_t@V?$_com_IIID@U_Recordset@ADODB@@$1?_GUID_00001556_0000_0010_8000_00aa006d2ea4@@3U__s_GUID@@A@@@@AAEXXZ 10032ba0 f i Avi_DB.obj
 0001:00031bf0       ?CreateInstance@?$_com_ptr_t@V?$_com_IIID@U_Table@ADOX@@$1?_GUID_00000610_0000_0010_8000_00aa006d2ea4@@3U__s_GUID@@A@@@@QAEJABU_GUID@@PAUIUnknown@@K@Z 10032bf0 f i Avi_DB.obj
 0001:00031d30       ?GetIID@?$_com_ptr_t@V?$_com_IIID@U_Catalog@ADOX@@$1?_GUID_00000603_0000_0010_8000_00aa006d2ea4@@3U__s_GUID@@A@@@@SAABU_GUID@@XZ 10032d30 f i Avi_DB.obj
 0001:00031d50       ?CreateInstance@?$_com_ptr_t@V?$_com_IIID@U_Index@ADOX@@$1?_GUID_0000061f_0000_0010_8000_00aa006d2ea4@@3U__s_GUID@@A@@@@QAEJABU_GUID@@PAUIUnknown@@K@Z 10032d50 f i Avi_DB.obj
 0001:00031e90       ?GetIID@?$_com_ptr_t@V?$_com_IIID@U_Connection@ADODB@@$1?_GUID_00001550_0000_0010_8000_00aa006d2ea4@@3U__s_GUID@@A@@@@SAABU_GUID@@XZ 10032e90 f i Avi_DB.obj
 0001:00031eb0       ?GetIID@?$_com_ptr_t@V?$_com_IIID@U_Recordset@ADODB@@$1?_GUID_00001556_0000_0010_8000_00aa006d2ea4@@3U__s_GUID@@A@@@@SAABU_GUID@@XZ 10032eb0 f i Avi_DB.obj
 0001:00031ed0       ?GetIID@?$_com_ptr_t@V?$_com_IIID@U_Table@ADOX@@$1?_GUID_00000610_0000_0010_8000_00aa006d2ea4@@3U__s_GUID@@A@@@@SAABU_GUID@@XZ 10032ed0 f i Avi_DB.obj
 0001:00031ef0       ?GetIID@?$_com_IIID@U_Catalog@ADOX@@$1?_GUID_00000603_0000_0010_8000_00aa006d2ea4@@3U__s_GUID@@A@@SAABU_GUID@@XZ 10032ef0 f i Avi_DB.obj
 0001:00031f00       ?GetIID@?$_com_ptr_t@V?$_com_IIID@U_Index@ADOX@@$1?_GUID_0000061f_0000_0010_8000_00aa006d2ea4@@3U__s_GUID@@A@@@@SAABU_GUID@@XZ 10032f00 f i Avi_DB.obj
 0001:00031f20       ?GetIID@?$_com_IIID@U_Connection@ADODB@@$1?_GUID_00001550_0000_0010_8000_00aa006d2ea4@@3U__s_GUID@@A@@SAABU_GUID@@XZ 10032f20 f i Avi_DB.obj
 0001:00031f30       ?GetIID@?$_com_IIID@U_Recordset@ADODB@@$1?_GUID_00001556_0000_0010_8000_00aa006d2ea4@@3U__s_GUID@@A@@SAABU_GUID@@XZ 10032f30 f i Avi_DB.obj
 0001:00031f40       ?GetIID@?$_com_IIID@U_Table@ADOX@@$1?_GUID_00000610_0000_0010_8000_00aa006d2ea4@@3U__s_GUID@@A@@SAABU_GUID@@XZ 10032f40 f i Avi_DB.obj
 0001:00031f50       ?GetIID@?$_com_IIID@U_Index@ADOX@@$1?_GUID_0000061f_0000_0010_8000_00aa006d2ea4@@3U__s_GUID@@A@@SAABU_GUID@@XZ 10032f50 f i Avi_DB.obj
 0001:00031f60       ?ClearSvWv@@YAXXZ          10032f60 f   Avi_SvWv.obj
 0001:00031faa       ?IntoWaveCache@@YAXPADH@Z  10032faa f   Avi_SvWv.obj
 0001:00031ff6       _PreSaveWave@0             10032ff6 f   Avi_SvWv.obj
 0001:000320c5       ?SvWaveProc@@YGKPAX@Z      100330c5 f   Avi_SvWv.obj
 0001:00032371       ?CheckWaveDir@@YA?AVCString@@PAD@Z 10033371 f   Avi_SvWv.obj
 0001:000324a0       ?StopSaveWave@@YAHXZ       100334a0 f   Avi_SvWv.obj
 0001:000324fd       ?WriteDatafile@@YAHPBD@Z   100334fd f   Avi_SvWv.obj
 0001:000325e9       ?WriteDatafileData@@YAHPAXI@Z 100335e9 f   Avi_SvWv.obj
 0001:00032618       ?CloseDatafile@@YAXXZ      10033618 f   Avi_SvWv.obj
 0001:000328e0       ??_GCArchive@@QAEPAXI@Z    100338e0 f i Avi_SvWv.obj
 0001:0003292e       ??1CString@@QAE@XZ         1003392e f   mfc42d:MFC42D.DLL
 0001:00032934       ?ReleaseBuffer@CString@@QAEXH@Z 10033934 f   mfc42d:MFC42D.DLL
 0001:0003293a       ?GetBuffer@CString@@QAEPADH@Z 1003393a f   mfc42d:MFC42D.DLL
 0001:00032940       ?GetLength@CString@@QBEHXZ 10033940 f   mfc42d:MFC42D.DLL
 0001:00032946       ?Format@CString@@QAAXPBDZZ 10033946 f   mfc42d:MFC42D.DLL
 0001:0003294c       ??0CString@@QAE@PBD@Z      1003394c f   mfc42d:MFC42D.DLL
 0001:00032952       ??4CString@@QAEABV0@PBD@Z  10033952 f   mfc42d:MFC42D.DLL
 0001:00032958       ??0CString@@QAE@PBE@Z      10033958 f   mfc42d:MFC42D.DLL
 0001:0003295e       ??BCString@@QBEPBDXZ       1003395e f   mfc42d:MFC42D.DLL
 0001:00032964       ??4CString@@QAEABV0@ABV0@@Z 10033964 f   mfc42d:MFC42D.DLL
 0001:0003296a       ?Format@CTime@@QBE?AVCString@@PBD@Z 1003396a f   mfc42d:MFC42D.DLL
 0001:00032970       ??0CTime@@QAE@ABV0@@Z      10033970 f   mfc42d:MFC42D.DLL
 0001:00032976       ?GetTickCount@CTime@@SG?AV1@XZ 10033976 f   mfc42d:MFC42D.DLL
 0001:0003297c       ??1CFileFind@@UAE@XZ       1003397c f   mfc42d:MFC42D.DLL
 0001:00032982       ?Close@CFileFind@@QAEXXZ   10033982 f   mfc42d:MFC42D.DLL
 0001:00032988       ?FindFile@CFileFind@@UAEHPBDK@Z 10033988 f   mfc42d:MFC42D.DLL
 0001:0003298e       ??0CFileFind@@QAE@XZ       1003398e f   mfc42d:MFC42D.DLL
 0001:00032994       ??0CString@@QAE@XZ         10033994 f   mfc42d:MFC42D.DLL
 0001:0003299a       ??3@YAXPAX@Z               1003399a f   mfc42d:MFC42D.DLL
 0001:000329a0       ??H@YG?AVCString@@ABV0@PBD@Z 100339a0 f   mfc42d:MFC42D.DLL
 0001:000329a6       ??0CString@@QAE@ABV0@@Z    100339a6 f   mfc42d:MFC42D.DLL
 0001:000329ac       ?Left@CString@@QBE?AV1@H@Z 100339ac f   mfc42d:MFC42D.DLL
 0001:000329b2       ??9@YG_NABVCString@@PBD@Z  100339b2 f   mfc42d:MFC42D.DLL
 0001:000329b8       ?Right@CString@@QBE?AV1@H@Z 100339b8 f   mfc42d:MFC42D.DLL
 0001:000329be       ??8@YG_NABVCString@@PBD@Z  100339be f   mfc42d:MFC42D.DLL
 0001:000329c4       ?GetFilePath@CFileFind@@UBE?AVCString@@XZ 100339c4 f   mfc42d:MFC42D.DLL
 0001:000329ca       ?IsDirectory@CFileFind@@QBEHXZ 100339ca f   mfc42d:MFC42D.DLL
 0001:000329d0       ?IsDots@CFileFind@@UBEHXZ  100339d0 f   mfc42d:MFC42D.DLL
 0001:000329d6       ?FindNextFileA@CFileFind@@UAEHXZ 100339d6 f   mfc42d:MFC42D.DLL
 0001:000329dc       ??H@YG?AVCString@@ABV0@0@Z 100339dc f   mfc42d:MFC42D.DLL
 0001:000329e2       ??0CString@@QAE@PBG@Z      100339e2 f   mfc42d:MFC42D.DLL
 0001:000329e8       ?Find@CString@@QBEHPBD@Z   100339e8 f   mfc42d:MFC42D.DLL
 0001:000329ee       ?Mid@CString@@QBE?AV1@H@Z  100339ee f   mfc42d:MFC42D.DLL
 0001:000329f4       ?ReverseFind@CString@@QBEHD@Z 100339f4 f   mfc42d:MFC42D.DLL
 0001:000329fa       ??2@YAPAXI@Z               100339fa f   mfc42d:MFC42D.DLL
 0001:00032a00       ??YCString@@QAEABV0@D@Z    10033a00 f   mfc42d:MFC42D.DLL
 0001:00032a06       ??4CString@@QAEABV0@D@Z    10033a06 f   mfc42d:MFC42D.DLL
 0001:00032a0c       ??YCString@@QAEABV0@ABV0@@Z 10033a0c f   mfc42d:MFC42D.DLL
 0001:00032a12       ??3CObject@@SGXPAX@Z       10033a12 f   mfc42d:MFC42D.DLL
 0001:00032a18       ??0CArchive@@QAE@PAVCFile@@IHPAX@Z 10033a18 f   mfc42d:MFC42D.DLL
 0001:00032a1e       ??0CFile@@QAE@PBDI@Z       10033a1e f   mfc42d:MFC42D.DLL
 0001:00032a24       ??2CObject@@SGPAXI@Z       10033a24 f   mfc42d:MFC42D.DLL
 0001:00032a2a       ?Flush@CArchive@@QAEXXZ    10033a2a f   mfc42d:MFC42D.DLL
 0001:00032a30       ?Write@CArchive@@QAEXPBXI@Z 10033a30 f   mfc42d:MFC42D.DLL
 0001:00032a36       ?Close@CArchive@@QAEXXZ    10033a36 f   mfc42d:MFC42D.DLL
 0001:00032a3c       ??1CArchive@@QAE@XZ        10033a3c f   mfc42d:MFC42D.DLL
 0001:00032a42       __chkesp                   10033a42 f   msvcrtd:MSVCRTD.dll
 0001:00032a48       _memcpy                    10033a48 f   msvcrtd:MSVCRTD.dll
 0001:00032a4e       _memset                    10033a4e f   msvcrtd:MSVCRTD.dll
 0001:00032a54       _sprintf                   10033a54 f   msvcrtd:MSVCRTD.dll
 0001:00032a5a       ___CxxFrameHandler         10033a5a f   msvcrtd:MSVCRTD.dll
 0001:00032a60       _sqrt                      10033a60 f   msvcrtd:MSVCRTD.dll
 0001:00032a66       __ftol                     10033a66 f   msvcrtd:MSVCRTD.dll
 0001:00032a70       __alloca_probe             10033a70 f   msvcrtd:chkstk.obj
 0001:00032a70       __chkstk                   10033a70 f   msvcrtd:chkstk.obj
 0001:00032aa0       _abs                       10033aa0 f   msvcrtd:MSVCRTD.dll
 0001:00032ab0       __onexit                   10033ab0 f   msvcrtd:atonexit.obj
 0001:00032af0       _atexit                    10033af0 f   msvcrtd:atonexit.obj
 0001:00032b08       _strcmp                    10033b08 f   msvcrtd:MSVCRTD.dll
 0001:00032b0e       _strlen                    10033b0e f   msvcrtd:MSVCRTD.dll
 0001:00032b14       _strcat                    10033b14 f   msvcrtd:MSVCRTD.dll
 0001:00032b1a       _fclose                    10033b1a f   msvcrtd:MSVCRTD.dll
 0001:00032b20       _fwrite                    10033b20 f   msvcrtd:MSVCRTD.dll
 0001:00032b26       _fopen                     10033b26 f   msvcrtd:MSVCRTD.dll
 0001:00032b2c       _strcpy                    10033b2c f   msvcrtd:MSVCRTD.dll
 0001:00032b32       _localtime                 10033b32 f   msvcrtd:MSVCRTD.dll
 0001:00032b38       _time                      10033b38 f   msvcrtd:MSVCRTD.dll
 0001:00032b3e       __mbsstr                   10033b3e f   msvcrtd:MSVCRTD.dll
 0001:00032b44       _fread                     10033b44 f   msvcrtd:MSVCRTD.dll
 0001:00032b4a       _fseek                     10033b4a f   msvcrtd:MSVCRTD.dll
 0001:00032b50       _ftell                     10033b50 f   msvcrtd:MSVCRTD.dll
 0001:00032b56       __access                   10033b56 f   msvcrtd:MSVCRTD.dll
 0001:00032b60       ??0type_info@@AAE@ABV0@@Z  10033b60 f   msvcrtd:ti_inst.obj
 0001:00032b80       ??_Etype_info@@UAEPAXI@Z   10033b80 f i msvcrtd:ti_inst.obj
 0001:00032b80       ??_Gtype_info@@UAEPAXI@Z   10033b80 f i msvcrtd:ti_inst.obj
 0001:00032bb0       ??4type_info@@AAEAAV0@ABV0@@Z 10033bb0 f   msvcrtd:ti_inst.obj
 0001:00032bc0       __CRT_INIT@12              10033bc0 f   msvcrtd:crtdll.obj
 0001:00032cd0       __DllMainCRTStartup@12     10033cd0 f   msvcrtd:crtdll.obj
 0001:00032dc4       ___dllonexit               10033dc4 f   msvcrtd:MSVCRTD.dll
 0001:00032dca       ??1type_info@@UAE@XZ       10033dca f   msvcrtd:MSVCRTD.dll
 0001:00032dd0       __free_dbg                 10033dd0 f   msvcrtd:MSVCRTD.dll
 0001:00032dd6       __initterm                 10033dd6 f   msvcrtd:MSVCRTD.dll
 0001:00032ddc       __malloc_dbg               10033ddc f   msvcrtd:MSVCRTD.dll
 0001:00032df0       _DllMain@12                10033df0 f   msvcrtd:dllmain.obj
 0001:00032e16       _SetThreadPriority@8       10033e16 f   kernel32:KERNEL32.dll
 0001:00032e1c       _CreateThread@24           10033e1c f   kernel32:KERNEL32.dll
 0001:00032e22       _CloseHandle@4             10033e22 f   kernel32:KERNEL32.dll
 0001:00032e28       _Sleep@4                   10033e28 f   kernel32:KERNEL32.dll
 0001:00032e2e       _GlobalFree@4              10033e2e f   kernel32:KERNEL32.dll
 0001:00032e34       _GlobalUnlock@4            10033e34 f   kernel32:KERNEL32.dll
 0001:00032e3a       _WriteFile@20              10033e3a f   kernel32:KERNEL32.dll
 0001:00032e40       _CreateFileA@28            10033e40 f   kernel32:KERNEL32.dll
 0001:00032e46       _GlobalLock@4              10033e46 f   kernel32:KERNEL32.dll
 0001:00032e4c       _GlobalAlloc@8             10033e4c f   kernel32:KERNEL32.dll
 0001:00032e52       _SetEvent@4                10033e52 f   kernel32:KERNEL32.dll
 0001:00032e58       _CreateEventA@16           10033e58 f   kernel32:KERNEL32.dll
 0001:00032e5e       _GetLastError@0            10033e5e f   kernel32:KERNEL32.dll
 0001:00032e64       _ResetEvent@4              10033e64 f   kernel32:KERNEL32.dll
 0001:00032e6a       _WaitForMultipleObjects@16 10033e6a f   kernel32:KERNEL32.dll
 0001:00032e70       _GetCurrentDirectoryA@8    10033e70 f   kernel32:KERNEL32.dll
 0001:00032e76       _CreateDirectoryA@8        10033e76 f   kernel32:KERNEL32.dll
 0001:00032e7c       _GetPrivateProfileIntA@16  10033e7c f   kernel32:KERNEL32.dll
 0001:00032e82       _WritePrivateProfileStringA@16 10033e82 f   kernel32:KERNEL32.dll
 0001:00032e88       _GetPrivateProfileStringA@24 10033e88 f   kernel32:KERNEL32.dll
 0001:00032e8e       _FindClose@4               10033e8e f   kernel32:KERNEL32.dll
 0001:00032e94       _FindFirstFileA@8          10033e94 f   kernel32:KERNEL32.dll
 0001:00032e9a       _WaitForSingleObject@8     10033e9a f   kernel32:KERNEL32.dll
 0001:00032ea0       _GetLocalTime@4            10033ea0 f   kernel32:KERNEL32.dll
 0001:00032ea6       _InterlockedDecrement@4    10033ea6 f   kernel32:KERNEL32.dll
 0001:00032eac       _MultiByteToWideChar@24    10033eac f   kernel32:KERNEL32.dll
 0001:00032eb2       _lstrlenA@4                10033eb2 f   kernel32:KERNEL32.dll
 0001:00032eb8       _DisableThreadLibraryCalls@4 10033eb8 f   kernel32:KERNEL32.dll
 0001:00032ebe       _ReleaseDC@8               10033ebe f   user32:USER32.dll
 0001:00032ec4       _GetDC@4                   10033ec4 f   user32:USER32.dll
 0001:00032eca       _KillTimer@8               10033eca f   user32:USER32.dll
 0001:00032ed0       _SetTimer@16               10033ed0 f   user32:USER32.dll
 0001:00032ed6       _PostMessageA@16           10033ed6 f   user32:USER32.dll
 0001:00032edc       _SetPixelFormat@12         10033edc f   gdi32:GDI32.dll
 0001:00032ee2       _ChoosePixelFormat@8       10033ee2 f   gdi32:GDI32.dll
 0001:00032ee8       _SelectObject@8            10033ee8 f   gdi32:GDI32.dll
 0001:00032eee       _CreateDIBSection@24       10033eee f   gdi32:GDI32.dll
 0001:00032ef4       _DeleteObject@4            10033ef4 f   gdi32:GDI32.dll
 0001:00032efa       _CreateCompatibleDC@4      10033efa f   gdi32:GDI32.dll
 0001:00032f00       _DeleteDC@4                10033f00 f   gdi32:GDI32.dll
 0001:00032f06       _GetDIBits@28              10033f06 f   gdi32:GDI32.dll
 0001:00032f0c       _RealizePalette@4          10033f0c f   gdi32:GDI32.dll
 0001:00032f12       _SelectPalette@12          10033f12 f   gdi32:GDI32.dll
 0001:00032f18       _GetStockObject@4          10033f18 f   gdi32:GDI32.dll
 0001:00032f1e       _GetObjectA@12             10033f1e f   gdi32:GDI32.dll
 0001:00032f24       _GetDeviceCaps@8           10033f24 f   gdi32:GDI32.dll
 0001:00032f2a       _CreateDCA@16              10033f2a f   gdi32:GDI32.dll
 0001:00032f30       _ntohl@4                   10033f30 f   ws2_32:WS2_32.dll
 0001:00032f36       _inet_addr@4               10033f36 f   ws2_32:WS2_32.dll
 0001:00032f3c       _getsockopt@20             10033f3c f   ws2_32:WS2_32.dll
 0001:00032f42       _select@20                 10033f42 f   ws2_32:WS2_32.dll
 0001:00032f48       _connect@12                10033f48 f   ws2_32:WS2_32.dll
 0001:00032f4e       _ioctlsocket@12            10033f4e f   ws2_32:WS2_32.dll
 0001:00032f54       _htons@4                   10033f54 f   ws2_32:WS2_32.dll
 0001:00032f5a       _htonl@4                   10033f5a f   ws2_32:WS2_32.dll
 0001:00032f60       _socket@12                 10033f60 f   ws2_32:WS2_32.dll
 0001:00032f66       _closesocket@4             10033f66 f   ws2_32:WS2_32.dll
 0001:00032f6c       _WSACleanup@0              10033f6c f   ws2_32:WS2_32.dll
 0001:00032f72       _WSAStartup@8              10033f72 f   ws2_32:WS2_32.dll
 0001:00032f78       _recv@16                   10033f78 f   ws2_32:WS2_32.dll
 0001:00032f7e       _WSAGetLastError@0         10033f7e f   ws2_32:WS2_32.dll
 0001:00032f84       _WSASend@28                10033f84 f   ws2_32:WS2_32.dll
 0001:00032f8a       _PathFileExistsA@4         10033f8a f   Shlwapi:SHLWAPI.dll
 0001:00032f90       ??0Init@ios_base@std@@QAE@XZ 10033f90 f   msvcprtd:MSVCP60D.dll
 0001:00032f96       ??1Init@ios_base@std@@QAE@XZ 10033f96 f   msvcprtd:MSVCP60D.dll
 0001:00032f9c       ??0_Winit@std@@QAE@XZ      10033f9c f   msvcprtd:MSVCP60D.dll
 0001:00032fa2       ??1_Winit@std@@QAE@XZ      10033fa2 f   msvcprtd:MSVCP60D.dll
 0001:00032fa8       ??1?$basic_string@DU?$char_traits@D@std@@V?$allocator@D@2@@std@@QAE@XZ 10033fa8 f   msvcprtd:MSVCP60D.dll
 0001:00032fae       ?c_str@?$basic_string@DU?$char_traits@D@std@@V?$allocator@D@2@@std@@QBEPBDXZ 10033fae f   msvcprtd:MSVCP60D.dll
 0001:00032fb4       ??Y?$basic_string@DU?$char_traits@D@std@@V?$allocator@D@2@@std@@QAEAAV01@PBD@Z 10033fb4 f   msvcprtd:MSVCP60D.dll
 0001:00032fba       ??0?$basic_string@DU?$char_traits@D@std@@V?$allocator@D@2@@std@@QAE@PBDABV?$allocator@D@1@@Z 10033fba f   msvcprtd:MSVCP60D.dll
 0001:00032fc0       _wglMakeCurrent@8          10033fc0 f   opengl32:OPENGL32.dll
 0001:00032fc6       _wglCreateContext@4        10033fc6 f   opengl32:OPENGL32.dll
 0001:00032fcc       _wglDeleteContext@4        10033fcc f   opengl32:OPENGL32.dll
 0001:00032fd2       _glFlush@0                 10033fd2 f   opengl32:OPENGL32.dll
 0001:00032fd8       _glEnd@0                   10033fd8 f   opengl32:OPENGL32.dll
 0001:00032fde       _glTranslatef@12           10033fde f   opengl32:OPENGL32.dll
 0001:00032fe4       _glRotatef@16              10033fe4 f   opengl32:OPENGL32.dll
 0001:00032fea       _glMaterialf@12            10033fea f   opengl32:OPENGL32.dll
 0001:00032ff0       _glMaterialfv@12           10033ff0 f   opengl32:OPENGL32.dll
 0001:00032ff6       _glEnable@4                10033ff6 f   opengl32:OPENGL32.dll
 0001:00032ffc       _glLightfv@12              10033ffc f   opengl32:OPENGL32.dll
 0001:00033002       _glLoadIdentity@0          10034002 f   opengl32:OPENGL32.dll
 0001:00033008       _glMatrixMode@4            10034008 f   opengl32:OPENGL32.dll
 0001:0003300e       _glClear@4                 1003400e f   opengl32:OPENGL32.dll
 0001:00033014       _glClearColor@16           10034014 f   opengl32:OPENGL32.dll
 0001:0003301a       _glVertex2i@8              1003401a f   opengl32:OPENGL32.dll
 0001:00033020       _glShadeModel@4            10034020 f   opengl32:OPENGL32.dll
 0001:00033026       _glColor3f@12              10034026 f   opengl32:OPENGL32.dll
 0001:0003302c       _glBegin@4                 1003402c f   opengl32:OPENGL32.dll
 0001:00033032       _glPointSize@4             10034032 f   opengl32:OPENGL32.dll
 0001:00033038       _gluLookAt@72              10034038 f   glu32:GLU32.dll
 0001:0003303e       _gluPerspective@32         1003403e f   glu32:GLU32.dll
 0001:00033044       _gluOrtho2D@32             10034044 f   glu32:GLU32.dll
 0001:0003304a       _glutSolidSphere@16        1003404a f   glut32:glut32.dll
 0001:00033050       ?_com_issue_error@@YGXJ@Z  10034050 f   comsupp:comsupp.obj
 0001:0003305e       ?_com_issue_errorex@@YGXJPAUIUnknown@@ABU_GUID@@@Z 1003405e f   comsupp:comsupp.obj
 0001:000330bf       ?_com_dispatch_raw_method@@YAJPAUIDispatch@@JGGPAXPBGZZ 100340bf f   comsupp:comsupp.obj
 0001:000335e0       ?_com_dispatch_method@@YAJPAUIDispatch@@JGGPAXPBGZZ 100345e0 f   comsupp:comsupp.obj
 0001:0003361a       ?_com_dispatch_raw_propget@@YGJPAUIDispatch@@JGPAX@Z 1003461a f   comsupp:comsupp.obj
 0001:00033639       ?_com_dispatch_propget@@YGJPAUIDispatch@@JGPAX@Z 10034639 f   comsupp:comsupp.obj
 0001:00033658       ?_com_dispatch_raw_propput@@YAJPAUIDispatch@@JGZZ 10034658 f   comsupp:comsupp.obj
 0001:000336b1       ?_com_dispatch_propput@@YAJPAUIDispatch@@JGZZ 100346b1 f   comsupp:comsupp.obj
 0001:00033746       ?ConvertStringToBSTR@_com_util@@YGPAGPBD@Z 10034746 f   comsupp:comutil.obj
 0001:000337bb       ?ConvertBSTRToString@_com_util@@YGPADPAG@Z 100347bb f   comsupp:comutil.obj
 0001:0003382f       ?_com_raise_error@@YGXJPAUIErrorInfo@@@Z 1003482f f   comsupp:comraise.obj
 0001:00033853       ??0_com_error@@QAE@JPAUIErrorInfo@@_N@Z 10034853 f i comsupp:comraise.obj
 0001:00033885       ??_G_com_error@@UAEPAXI@Z  10034885 f i comsupp:comraise.obj
 0001:00033885       ??_E_com_error@@UAEPAXI@Z  10034885 f i comsupp:comraise.obj
 0001:000338a1       ??0_com_error@@QAE@ABV0@@Z 100348a1 f i comsupp:comraise.obj
 0001:000338ce       ??1_com_error@@UAE@XZ      100348ce f i comsupp:comraise.obj
 0001:000338f4       _CoUninitialize@0          100348f4 f   ole32:ole32.dll
 0001:000338fa       _CoInitialize@4            100348fa f   ole32:ole32.dll
 0001:00033900       _CLSIDFromProgID@8         10034900 f   ole32:ole32.dll
 0001:00033906       _CLSIDFromString@8         10034906 f   ole32:ole32.dll
 0001:0003390c       _OleRun@4                  1003490c f   ole32:ole32.dll
 0001:00033912       _CoCreateInstance@20       10034912 f   ole32:ole32.dll
 0001:00033918       _SafeArrayCreate@12        10034918 f   oleaut32:OLEAUT32.dll
 0001:0003391e       _SafeArrayDestroy@4        1003491e f   oleaut32:OLEAUT32.dll
 0001:00033924       _SafeArrayUnaccessData@4   10034924 f   oleaut32:OLEAUT32.dll
 0001:0003392a       _SafeArrayAccessData@8     1003492a f   oleaut32:OLEAUT32.dll
 0001:00033930       _SysFreeString@4           10034930 f   oleaut32:OLEAUT32.dll
 0001:00033936       _VariantClear@4            10034936 f   oleaut32:OLEAUT32.dll
 0001:0003393c       _VariantInit@4             1003493c f   oleaut32:OLEAUT32.dll
 0001:00033942       _VariantCopy@8             10034942 f   oleaut32:OLEAUT32.dll
 0001:00033948       _GetErrorInfo@8            10034948 f   oleaut32:OLEAUT32.dll
 0001:0003394e       _SetErrorInfo@8            1003494e f   oleaut32:OLEAUT32.dll
 0001:00033954       _VariantChangeType@16      10034954 f   oleaut32:OLEAUT32.dll
 0001:0003395a       _CreateErrorInfo@4         1003495a f   oleaut32:OLEAUT32.dll
 0001:00033960       _SysAllocString@4          10034960 f   oleaut32:OLEAUT32.dll
 0001:00033966       _ICE_IPCSDK_SetPlateCallback 10034966 f   ice_ipcsdk:ice_ipcsdk.dll
 0001:0003396c       _ICE_IPCSDK_OpenDevice     1003496c f   ice_ipcsdk:ice_ipcsdk.dll
 0001:00033972       _ICE_IPCSDK_Close          10034972 f   ice_ipcsdk:ice_ipcsdk.dll
 0001:00033978       _ICE_IPCSDK_Trigger        10034978 f   ice_ipcsdk:ice_ipcsdk.dll
 0001:0003397e       ??1COleVariant@@QAE@XZ     1003497e f   mfco42d:MFCO42D.DLL
 0001:00033984       ??0COleVariant@@QAE@AAVCString@@@Z 10034984 f   mfco42d:MFCO42D.DLL
 0001:0003398a       __itoa                     1003498a f   msvcrtd:MSVCRTD.dll
 0001:00033990       _wcslen                    10034990 f   msvcrtd:MSVCRTD.dll
 0001:00033996       __CxxThrowException@8      10034996 f   msvcrtd:MSVCRTD.dll
 0001:0003399c       _lstrlenW@4                1003499c f   kernel32:KERNEL32.dll
 0001:000339a2       _WideCharToMultiByte@32    100349a2 f   kernel32:KERNEL32.dll
 0001:000339a8       _LocalFree@4               100349a8 f   kernel32:KERNEL32.dll
 0002:00000020       __real@8@3fff9999999999999800 10038020     Avi_AxleCheck.obj
 0002:0000002c       __real@4@3fff8000000000000000 1003802c     Avi_Plot.obj
 0002:00000030       __real@8@3fff8000000000000000 10038030     Avi_Plot.obj
 0002:0000003c       ??_7CJGProxy@@6B@          1003803c     JGProxy.obj
 0002:00000040       ??_7CNetMgr@@6B@           10038040     NetMgr.obj
 0002:00000048       _IID_IDocHostUIHandlerDispatch 10038048     mfcs42d:stdafx.obj
 0002:00000058       _IID_IInternalConnection   10038058     mfcs42d:stdafx.obj
 0002:00000068       _IID_IAxWinAmbientDispatch 10038068     mfcs42d:stdafx.obj
 0002:00000078       _IID_IAxWinHostWindow      10038078     mfcs42d:stdafx.obj
 0002:00000088       _IID_IRegistrar            10038088     mfcs42d:stdafx.obj
 0002:00000098       _CLSID_Registrar           10038098     mfcs42d:stdafx.obj
 0002:000000a8       _LIBID_ATLLib              100380a8     mfcs42d:stdafx.obj
 0002:000000bc       ??_7type_info@@6B@         100380bc     msvcrtd:ti_inst.obj
 0002:000000c0       ??_C@_08JKC@crtdll?4c?$AA@ 100380c0     msvcrtd:crtdll.obj
 0002:000000d0       ??_7_com_error@@6B@        100380d0     comsupp:comraise.obj
 0002:00000200       ??_R1A@?0A@A@type_info@@8  10038200     msvcrtd:ti_inst.obj
 0002:00000218       ??_R2type_info@@8          10038218     msvcrtd:ti_inst.obj
 0002:00000220       ??_R3type_info@@8          10038220     msvcrtd:ti_inst.obj
 0002:00000230       ??_R4type_info@@6B@        10038230     msvcrtd:ti_inst.obj
 0002:00000248       ??_R1A@?0A@A@_com_error@@8 10038248     comsupp:comraise.obj
 0002:00000260       ??_R2_com_error@@8         10038260     comsupp:comraise.obj
 0002:00000268       ??_R3_com_error@@8         10038268     comsupp:comraise.obj
 0002:00000278       ??_R4_com_error@@6B@       10038278     comsupp:comraise.obj
 0002:00001458       __CT??_R0?AV_com_error@@@8??0_com_error@@QAE@ABV0@@Z16 10039458     comsupp:comraise.obj
 0002:00001478       __CTA1?AV_com_error@@      10039478     comsupp:comraise.obj
 0002:00001480       __TI1?AV_com_error@@       10039480     comsupp:comraise.obj
 0003:00000000       ___xc_a                    1003a000     msvcrtd:cinitexe.obj
 0003:00000238       ___xc_z                    1003a238     msvcrtd:cinitexe.obj
 0003:0000033c       ___xi_a                    1003a33c     msvcrtd:cinitexe.obj
 0003:00000440       ___xi_z                    1003a440     msvcrtd:cinitexe.obj
 0003:00000578       ?axle_min_X@@3HA           1003a578     Avi_AxleCheck.obj
 0003:0000057c       ?Tabsin@@3PAGA             1003a57c     Avi_MathProc.obj
 0003:000006e8       ?Tabcos@@3PAGA             1003a6e8     Avi_MathProc.obj
 0003:00000854       ?TabRcos@@3PAIA            1003a854     Avi_MathProc.obj
 0003:00000df8       ?TabRsin@@3PAGA            1003adf8     Avi_MathProc.obj
 0003:0000130c       ?WIDTH@@3HA                1003b30c     Avi_Plot.obj
 0003:00001310       ?HEIGHT@@3HA               1003b310     Avi_Plot.obj
 0003:00001314       ?FirstRun@@3_NA            1003b314     Avi_Plot.obj
 0003:00001324       ?g_Queuethred@@3HA         1003b324     Avi_Main.obj
 0003:00002e78       ??_R0?AV_com_error@@@8     1003ce78     Avi_DB.obj
 0003:00003560       __GUID_00000535_0000_0010_8000_00aa006d2ea4 1003d560     Avi_DB.obj
 0003:00003578       __GUID_00000514_0000_0010_8000_00aa006d2ea4 1003d578     Avi_DB.obj
 0003:00003590       __GUID_00000602_0000_0010_8000_00aa006d2ea4 1003d590     Avi_DB.obj
 0003:000035a8       __GUID_00000512_0000_0010_8000_00aa006d2ea4 1003d5a8     Avi_DB.obj
 0003:000035c0       __GUID_00000603_0000_0010_8000_00aa006d2ea4 1003d5c0     Avi_DB.obj
 0003:000035d8       __GUID_00000611_0000_0010_8000_00aa006d2ea4 1003d5d8     Avi_DB.obj
 0003:000035f0       __GUID_00000610_0000_0010_8000_00aa006d2ea4 1003d5f0     Avi_DB.obj
 0003:00003608       __GUID_0000061d_0000_0010_8000_00aa006d2ea4 1003d608     Avi_DB.obj
 0003:00003620       __GUID_0000061c_0000_0010_8000_00aa006d2ea4 1003d620     Avi_DB.obj
 0003:00003638       __GUID_00000504_0000_0010_8000_00aa006d2ea4 1003d638     Avi_DB.obj
 0003:00003650       __GUID_00000503_0000_0010_8000_00aa006d2ea4 1003d650     Avi_DB.obj
 0003:00003668       __GUID_00000620_0000_0010_8000_00aa006d2ea4 1003d668     Avi_DB.obj
 0003:00003680       __GUID_0000061f_0000_0010_8000_00aa006d2ea4 1003d680     Avi_DB.obj
 0003:00003698       __GUID_00001515_0000_0010_8000_00aa006d2ea4 1003d698     Avi_DB.obj
 0003:000036b0       __GUID_0000150e_0000_0010_8000_00aa006d2ea4 1003d6b0     Avi_DB.obj
 0003:000036c8       __GUID_00000000_0000_0000_c000_000000000046 1003d6c8     Avi_DB.obj
 0003:000036e0       __GUID_00001550_0000_0010_8000_00aa006d2ea4 1003d6e0     Avi_DB.obj
 0003:000036f8       __GUID_00001556_0000_0010_8000_00aa006d2ea4 1003d6f8     Avi_DB.obj
 0003:00003768       ?GUID_ATLVer30@ATL@@3U_GUID@@A 1003d768     mfcs42d:stdafx.obj
 0003:00003780       ??_R0?AVtype_info@@@8      1003d780     msvcrtd:ti_inst.obj
 0003:00003798       __GUID_df0b3d60_548f_101b_8e65_08002b2bd119 1003d798     comsupp:comsupp.obj
 0003:000037a8       __GUID_1cf2b120_547d_101b_8e65_08002b2bd119 1003d7a8     comsupp:comsupp.obj
 0003:000037b8       __GUID_00020400_0000_0000_c000_000000000046 1003d7b8     comsupp:comsupp.obj
 0003:000038f8       ?g_LmdCacheOut@@3GA        1003d8f8     Avi_Algo.obj
 0003:000038fa       ?g_LmdCacheIn@@3GA         1003d8fa     Avi_Algo.obj
 0003:000038fc       ?g_LmdCache@@3PAY0DEA@EA   1003d8fc     Avi_Algo.obj
 0003:00069200       ?g_VoutSet@@3UtagVOutSet@@A 100a3200     Avi_Algo.obj
 0003:00069210       ?g_SysSet@@3UtagSysTem@@A  100a3210     Avi_Algo.obj
 0003:00069218       ?JG0_CurBuff@@3PAEA        100a3218     Avi_Algo.obj
 0003:00069558       ?g_pfFormImage@@3P6GHHPAH0H@ZA 100a3558     Avi_Algo.obj
 0003:0006955c       ?hd_Algo@@3PAXA            100a355c     Avi_Algo.obj
 0003:00069560       ?AlgoThRunFlag@@3HA        100a3560     Avi_Algo.obj
 0003:0007db14       ?min_dis_X_t@@3PAHA        100b7b14     Avi_AxleCheck.obj
 0003:0007db44       ?t_car2@@3HA               100b7b44     Avi_AxleCheck.obj
 0003:0007db48       ?car_height_temp@@3GA      100b7b48     Avi_AxleCheck.obj
 0003:0007db4c       ?min_dis_X@@3PAY0HFDA@HA   100b7b4c     Avi_AxleCheck.obj
 0003:001dd44c       ?point_below_height@@3PAGA 1021744c     Avi_AxleCheck.obj
 0003:001dd71e       ?beyond_axle_ground@@3GA   1021771e     Avi_AxleCheck.obj
 0003:001dd720       ?point_count@@3GA          10217720     Avi_AxleCheck.obj
 0003:001dd724       ?empty_frame_count@@3IA    10217724     Avi_AxleCheck.obj
 0003:001dd728       ?vehicle_count@@3IA        10217728     Avi_AxleCheck.obj
 0003:001dd72c       ?vehicle_new@@3IA          1021772c     Avi_AxleCheck.obj
 0003:001dd730       ?height_over_count@@3IA    10217730     Avi_AxleCheck.obj
 0003:001dd734       ?ground_over_count@@3IA    10217734     Avi_AxleCheck.obj
 0003:001dd738       ?ground_car@@3IA           10217738     Avi_AxleCheck.obj
 0003:001dd73c       ?car_height@@3EA           1021773c     Avi_AxleCheck.obj
 0003:001dd73d       ?car_axle@@3EA             1021773d     Avi_AxleCheck.obj
 0003:001dd73e       ?check_axle@@3EA           1021773e     Avi_AxleCheck.obj
 0003:001dd73f       ?over_Flag@@3EA            1021773f     Avi_AxleCheck.obj
 0003:001dd740       ?belowHeigh_X@@3PAY03FA    10217740     Avi_AxleCheck.obj
 0003:002180c0       ?belowHeigh_X_t@@3PAFA     102520c0     Avi_AxleCheck.obj
 0003:002180c8       ?g_FrameCnt@@3IA           102520c8     Avi_AxleCheck.obj
 0003:002180cc       ?neighout_max_X@@3HA       102520cc     Avi_AxleCheck.obj
 0003:002180d0       ?neighout_min_X@@3HA       102520d0     Avi_AxleCheck.obj
 0003:002180d4       ?search_count@@3IA         102520d4     Avi_AxleCheck.obj
 0003:002180d8       ?index_top@@3GA            102520d8     Avi_AxleCheck.obj
 0003:002180dc       ?index_extract@@3IA        102520dc     Avi_AxleCheck.obj
 0003:002180e0       ?search_count_add@@3IA     102520e0     Avi_AxleCheck.obj
 0003:002180e4       ?axle_count@@3GA           102520e4     Avi_AxleCheck.obj
 0003:002180e6       ?axle_count_record@@3GA    102520e6     Avi_AxleCheck.obj
 0003:002180e8       ?axle_index@@3PAY0P@HA     102520e8     Avi_AxleCheck.obj
 0003:00218598       ?near_point_count@@3PAGA   10252598     Avi_AxleCheck.obj
 0003:0021886c       ?MAX_Height@@3HA           1025286c     Avi_AxleCheck.obj
 0003:00218870       ?MAX_Height2@@3HA          10252870     Avi_AxleCheck.obj
 0003:00218874       ?g_Frame_Time@@3IA         10252874     Avi_AxleCheck.obj
 0003:00218878       ?g_Frame_Time_pre@@3IA     10252878     Avi_AxleCheck.obj
 0003:0021887c       ?Mid_Point_Cal@@3GA        1025287c     Avi_AxleCheck.obj
 0003:0021887e       ?Road_StartX@@3GA          1025287e     Avi_AxleCheck.obj
 0003:00218880       ?Road_EndX@@3GA            10252880     Avi_AxleCheck.obj
 0003:00218882       ?Laser_Height@@3GA         10252882     Avi_AxleCheck.obj
 0003:0026ab38       ?g_VehicleSet@@3UtagVehicleSet@@A 102a4b38     Avi_MainProc.obj
 0003:03e1a0d4       ?g_DllAtState@@3UtagDLLAtState@@A 13e540d4     Avi_MainProc.obj
 0003:03e1a0d8       ?g_SysSetUp@@3UtagSystemParam@@A 13e540d8     Avi_MainProc.obj
 0003:03e1a110       ?g_WeigthAt@@3UtagWeightAtSet@@A 13e54110     Avi_MainProc.obj
 0003:03e1a120       ?g_VehIndex@@3UtagVehIndexSet@@A 13e54120     Avi_MainProc.obj
 0003:03e1a130       ?g_VehOutSet@@3UtagVehOutSet@@A 13e54130     Avi_MainProc.obj
 0003:03e1a140       ?CurFramInfo@@3UtagFramInfo@@A 13e54140     Avi_MainProc.obj
 0003:03e1a168       ?Smp@@3UtagSysModelParam@@A 13e54168     Avi_MainProc.obj
 0003:03e1a178       ?LMS_data_1@@3PAHA         13e54178     Avi_MainProc.obj
 0003:03e1a720       ?g_FiltZ@@3PAHA            13e54720     Avi_MainProc.obj
 0003:03e1acc4       ?g_FiltX@@3PAHA            13e54cc4     Avi_MainProc.obj
 0003:03e1b268       ?g_n32WaveNumber@@3IA      13e55268     Avi_MainProc.obj
 0003:03e1b26c       ?g_u8ItemName@@3PAEA       13e5526c     Avi_MainProc.obj
 0003:03e1b284       ?g_CoorX@@3PAHA            13e55284     Avi_MainProc.obj
 0003:03e1b828       ?g_CoorZ@@3PAHA            13e55828     Avi_MainProc.obj
 0003:04a0c188       ?g_Plot@@3UtagPlotCache@@A 14a46188     Avi_Plot.obj
 0003:084a4190       ?ErrCode@@3HA              184de190     Avi_Plot.obj
 0003:084a4194       ?hdc@@3PAUHDC__@@A         184de194     Avi_Plot.obj
 0003:084a4198       ?hbm@@3PAUHBITMAP__@@A     184de198     Avi_Plot.obj
 0003:084a419c       ?r@@3PAXA                  184de19c     Avi_Plot.obj
 0003:084a41a0       ?hglrc@@3PAUHGLRC__@@A     184de1a0     Avi_Plot.obj
 0003:0905c1b0       __afxForceUSRDLL           190961b0     Avi_Main.obj
 0003:0905c1b8       ?g_Vehqueue@@3PAUtagVehSet@@A 190961b8     Avi_Main.obj
 0003:09061d60       ?g_SvWave@@3UtagSvWave@@A  1909bd60     Avi_Main.obj
 0003:0a03b750       ?g_CamSet@@3UtagCameSet@@A 1a075750     Avi_Main.obj
 0003:0a03b7c0       ?g_QueSet@@3UtagQueSet@@A  1a0757c0     Avi_Main.obj
 0003:0a03b7e0       ?g_JGProxy@@3VCJGProxy@@A  1a0757e0     Avi_Main.obj
 0003:0a03b858       ?g_LmdProc@@3VCLmdProc@@A  1a075858     Avi_Main.obj
 0003:0a03b8d0       ?g_AqcState@@3UtagAqcState@@A 1a0758d0     Avi_Main.obj
 0003:0a03b8e8       ?g_WvFiles@@3UtagWvFiles@@A 1a0758e8     Avi_Main.obj
 0003:0a03b9f0       ?g_VOutSet@@3UtagVOutSet@@A 1a0759f0     Avi_Main.obj
 0003:0a03ba00       ?g_SysTem@@3UtagSysTem@@A  1a075a00     Avi_Main.obj
 0003:0a03ba08       ?g_LaserSet@@3UtagLaserSet@@A 1a075a08     Avi_Main.obj
 0003:0a03ba30       ?g_ModelSet@@3UtagModelSet@@A 1a075a30     Avi_Main.obj
 0003:0a03ba40       ?g_tempVehSet@@3UtagVehSet@@A 1a075a40     Avi_Main.obj
 0003:0a03baa0       ?g_pfMainVeh@@3P6GHUtagVehSet@@@ZA 1a075aa0     Avi_Main.obj
 0003:0a03baa4       ?g_pfPlotIm@@3P6GHPAD0@ZA  1a075aa4     Avi_Main.obj
 0003:0a03baa8       ?g_NoPlateNum@@3HA         1a075aa8     Avi_Main.obj
 0003:0a03baac       ?g_CamReconNum@@3HA        1a075aac     Avi_Main.obj
 0003:0a03bab0       ?g_HEvent@@3PAPAXA         1a075ab0     Avi_Main.obj
 0003:0a03bac0       ?g_HdMEvent@@3PAXA         1a075ac0     Avi_Main.obj
 0003:0a03bac4       ?g_bMEvent@@3HA            1a075ac4     Avi_Main.obj
 0003:0a03bac8       ?TimerQue@@3IA             1a075ac8     Avi_Main.obj
 0003:0a03bacc       ?g_VehNum@@3HA             1a075acc     Avi_Main.obj
 0003:0a03bad0       ?g_WaveHd@@3PAXA           1a075ad0     Avi_Main.obj
 0003:0a03bad4       ?g_bWaveSW@@3HA            1a075ad4     Avi_Main.obj
 0003:0a03bad8       ?TimerAqc@@3IA             1a075ad8     Avi_Main.obj
 0003:0a03badc       ?TimerAUT@@3IA             1a075adc     Avi_Main.obj
 0003:0a03bae0       ?TimerFVh@@3IA             1a075ae0     Avi_Main.obj
 0003:0a03bae4       ?g_hHandle@@3PAUHWND__@@A  1a075ae4     Avi_Main.obj
 0003:0a03bae8       ?g_nMsg@@3HA               1a075ae8     Avi_Main.obj
 0003:0a36866c       ?IniPath@@3PADA            1a3a266c     IniProc.obj
 0003:0a368b70       ?g_systime@@3U_SYSTEMTIME@@A 1a3a2b70     Camera.obj
 0003:0a368b80       ?strIP1@@3VCString@@A      1a3a2b80     Camera.obj
 0003:0a368b84       ?m_bExit1@@3HA             1a3a2b84     Camera.obj
 0003:0a368b88       ?m_psa1@@3PAPAUtagSAFEARRAY@@A 1a3a2b88     Camera.obj
 0003:0a368b8c       ?m_hSDK1@@3PAPAXA          1a3a2b8c     Camera.obj
 0003:0a368b90       ?strIP0@@3VCString@@A      1a3a2b90     Camera.obj
 0003:0a368b94       ?m_bExit0@@3HA             1a3a2b94     Camera.obj
 0003:0a368b98       ?m_psa0@@3PAPAUtagSAFEARRAY@@A 1a3a2b98     Camera.obj
 0003:0a368b9c       ?m_hSDK0@@3PAPAXA          1a3a2b9c     Camera.obj
 0003:0a368ba0       ?CameraInfo0@@3PADA        1a3a2ba0     Camera.obj
 0003:0a368bb4       ?g_cplate_path0@@3PADA     1a3a2bb4     Camera.obj
 0003:0a368db4       ?CameraInfo1@@3PADA        1a3a2db4     Camera.obj
 0003:0a368dc8       ?g_cplate_path1@@3PADA     1a3a2dc8     Camera.obj
 0003:0a3690e0       ?m_DATA_file@@3PAVCFile@@A 1a3a30e0     Avi_SvWv.obj
 0003:0a3690e4       ?m_DATA_archive@@3PAVCArchive@@A 1a3a30e4     Avi_SvWv.obj
 0003:0a369100       __afxForceEXCLUDE          1a3a3100     mfcs42d:nolib.obj
 0003:0a369104       ?ATL_CREATE_OBJECT@CComApartment@ATL@@2IA 1a3a3104     mfcs42d:stdafx.obj
 0003:0a369108       ?m_libid@CComModule@ATL@@2U_GUID@@A 1a3a3108     mfcs42d:stdafx.obj
 0003:0a369118       ?_pModule@ATL@@3PAVCComModule@1@A 1a3a3118     mfcs42d:stdafx.obj
[...]
   467 0001:000073f5   468 0001:000073ff   471 0001:00007409   474 0001:0000740b
   475 0001:00007415   479 0001:0000741f   481 0001:00007421   482 0001:0000742b
   484 0001:00007435   491 0001:00007437   492 0001:0000743a   494 0001:00007449
   497 0001:00007458   498 0001:00007462   500 0001:0000746c   503 0001:0000746e
   504 0001:00007478   507 0001:00007482   509 0001:00007484   510 0001:0000748e
   512 0001:00007498   520 0001:0000749a   525 0001:0000749d   527 0001:000074cd
   529 0001:000074dc   532 0001:000074f0   533 0001:000074fa   535 0001:00007504
   538 0001:00007506   539 0001:00007510   545 0001:0000751a   548 0001:00007548
   550 0001:00007558   553 0001:0000756b   554 0001:00007575   556 0001:0000757f
   559 0001:00007581   560 0001:0000758b   565 0001:00007595   567 0001:000075b3
   569 0001:000075c3   572 0001:000075d6   573 0001:000075e0   575 0001:000075ea
   578 0001:000075ec   579 0001:000075f6   585 0001:00007600   588 0001:0000760f
   590 0001:0000761f   593 0001:00007633   594 0001:0000763d   596 0001:00007647
   599 0001:00007649   600 0001:00007653   605 0001:0000765d   608 0001:0000766c
   610 0001:0000767c   613 0001:00007690   614 0001:0000769a   616 0001:000076a4
   619 0001:000076a6   620 0001:000076b0   625 0001:000076ba   628 0001:000076c9
   630 0001:000076d9   633 0001:000076ec   634 0001:000076f6   636 0001:00007700
   639 0001:00007702   640 0001:0000770c   647 0001:00007716   649 0001:00007729
   651 0001:0000773d   654 0001:00007751   655 0001:0000775b   657 0001:00007765
   659 0001:0000777e   662 0001:00007792   663 0001:0000779c   665 0001:000077a6
   668 0001:000077a8   669 0001:000077b2   673 0001:000077bc   675 0001:000077d5
   678 0001:000077e8   679 0001:000077f2   681 0001:000077fc   684 0001:000077fe
   685 0001:00007808   689 0001:00007812   692 0001:00007814   694 0001:00007823
   695 0001:0000782d   696 0001:00007837   698 0001:00007841   700 0001:00007843
   701 0001:0000784d   706 0001:00007857   709 0001:0000786d   710 0001:00007877
   712 0001:00007881

Line numbers for .\Debug\Avi_AxleCheck.obj(C:\Documents and Settings\Administrator\桌面\车型识别\车型识别(合并版)1105\车型识别(合并版)1105\Avi\Avi_AxleCheck.cpp) segment .text

   103 0001:00001c80   104 0001:00001c83   105 0001:00001c92   106 0001:00001c9d
   107 0001:00001cb9   108 0001:00001cc5   109 0001:00001cca   110 0001:00001ccf
   111 0001:00001cdb   115 0001:00001ce4   116 0001:00001cfa   117 0001:00001d00
   118 0001:00001d06   119 0001:00001d0c   120 0001:00001d13   122 0001:00001d1a
   123 0001:00001d20   124 0001:00001d24   125 0001:00001d2a   126 0001:00001d30
   127 0001:00001d37   128 0001:00001d3d   129 0001:00001d44   130 0001:00001d4b
   131 0001:00001d52   132 0001:00001d58   133 0001:00001d6c   134 0001:00001d7d
   135 0001:00001d86   137 0001:00001d92   140 0001:00001d97   144 0001:00001dc9
   146 0001:00001e1e   150 0001:00001e26   152 0001:00001e7a   156 0001:00001e82
   157 0001:00001ee2   158 0001:00001ef5   161 0001:00001efa   162 0001:00001f04
   165 0001:00001f0d   167 0001:00001f2f   169 0001:00001f39   171 0001:00001f3b
   174 0001:00001f54   176 0001:00001f56   178 0001:00001f60   179 0001:00001f6c
   180 0001:00001f73   181 0001:00001f7a   182 0001:00001f7e   183 0001:00001f88
   184 0001:00001f93   187 0001:00001fc6   189 0001:0000206d   190 0001:00002086
   191 0001:0000209a   192 0001:000020b3   196 0001:000020c7   197 0001:00002180
   200 0001:00002189   203 0001:000021c3   205 0001:000021dc   207 0001:000021ee
   208 0001:00002215   210 0001:00002219   212 0001:00002245   214 0001:00002259
   217 0001:0000225f   218 0001:00002274   219 0001:00002289   223 0001:00002298
   225 0001:000022b1   227 0001:000022e0   229 0001:000022fa   230 0001:0000230b
   231 0001:0000231b   232 0001:0000233c   233 0001:00002347   234 0001:0000235c
   236 0001:00002381   237 0001:00002397   238 0001:000023b9   239 0001:000023ce
   240 0001:000023dd   246 0001:000023e2   247 0001:000023e7   248 0001:00002423
   249 0001:00002432   250 0001:00002434   252 0001:00002444   253 0001:0000244d
   255 0001:0000247b   257 0001:000024e2   259 0001:000024f5   260 0001:000024fa
   262 0001:00002509   264 0001:00002516   265 0001:00002525   266 0001:0000253b
   269 0001:00002542   271 0001:00002569   272 0001:00002578   274 0001:0000258d
   278 0001:00002594   280 0001:0000259a   281 0001:000025a3   282 0001:000025ad
   284 0001:000025b7   286 0001:000025b9   287 0001:000025c5   288 0001:000025d4
   289 0001:000025d6   298 0001:000025e0   299 0001:000025e2   303 0001:000025f1
   304 0001:00002608   305 0001:0000260e   308 0001:00002614   309 0001:0000261a
   310 0001:00002620   311 0001:00002627   312 0001:0000262e   313 0001:0000263f
   314 0001:0000264b   316 0001:0000265d   317 0001:0000266b   318 0001:00002682
   320 0001:00002699   322 0001:000026c2   323 0001:000026f1   325 0001:00002701
   327 0001:00002703   328 0001:00002724   329 0001:0000273b   330 0001:0000273d
   335 0001:00002754   337 0001:00002761   338 0001:0000276b   339 0001:00002777
   340 0001:00002781   341 0001:0000278b   342 0001:00002794   343 0001:000027b5
   344 0001:000027e2   345 0001:000027fb   346 0001:00002805   349 0001:0000280c
   350 0001:0000281a   352 0001:00002824   353 0001:00002832   355 0001:0000283e
   358 0001:0000284b   360 0001:00002860   362 0001:0000286d   363 0001:000028a2
   364 0001:000028b6   365 0001:000028cc   367 0001:000028d3   369 0001:000028d5
   370 0001:000028e6   371 0001:000028fa   372 0001:00002910   376 0001:00002917
   377 0001:00002926   378 0001:00002933   379 0001:00002955   380 0001:00002982
   381 0001:00002995   382 0001:000029b7   383 0001:000029e2   385 0001:000029fb
   387 0001:00002a11   390 0001:00002a2a   391 0001:00002adc   393 0001:00002ae3
   395 0001:00002aec   396 0001:00002b07   397 0001:00002b19   398 0001:00002b1b
   401 0001:00002b2e   403 0001:00002b3b   404 0001:00002b47   405 0001:00002b62
   406 0001:00002b70   407 0001:00002b72   410 0001:00002b80   413 0001:00002b85
   414 0001:00002b95   416 0001:00002bcc   417 0001:00002bee   418 0001:00002c0f
   419 0001:00002c17   422 0001:00002c19   424 0001:00002c39   425 0001:00002c4c
   428 0001:00002c5e   429 0001:00002cca   430 0001:00002cd1   432 0001:00002cd3
   433 0001:00002ce1   436 0001:00002ceb   438 0001:00002ced   439 0001:00002d00
   440 0001:00002d12   442 0001:00002d20   443 0001:00002d2a   448 0001:00002d36
   449 0001:00002d40   450 0001:00002d47   451 0001:00002d50   452 0001:00002d56
   454 0001:00002dad   456 0001:00002dd6   457 0001:00002e32   459 0001:00002e3b
   460 0001:00002f20   461 0001:00002f30   462 0001:00002f35   463 0001:00002f42
   469 0001:00002f4b   471 0001:00002f50   473 0001:00002f68   474 0001:00002f89
   475 0001:00002f98   476 0001:00002fa5   477 0001:00002fc7   478 0001:00002ff4
   479 0001:00003007   480 0001:00003029   485 0001:00003054   487 0001:00003128
   488 0001:0000312f   489 0001:00003136   493 0001:0000314f   495 0001:0000315b
   496 0001:00003162   499 0001:0000316b   501 0001:0000317b   502 0001:000031a7
   503 0001:000031c0   504 0001:000031ef   506 0001:00003216   507 0001:00003218
   510 0001:00003228   511 0001:00003245   512 0001:00003249   513 0001:0000324d
   514 0001:00003251   516 0001:00003258   517 0001:0000325c   518 0001:00003260
   519 0001:00003264   520 0001:0000326a   521 0001:00003270   522 0001:00003276
   523 0001:0000327c   524 0001:00003282   525 0001:0000328b   526 0001:00003291
   527 0001:00003297   528 0001:000032a1   529 0001:000032ac   530 0001:000032b7
   531 0001:000032c3   532 0001:000032c9   533 0001:000032d2   534 0001:000032db
   535 0001:000032e1   536 0001:000032e7   537 0001:000032f1   538 0001:000032fc
   539 0001:00003302   540 0001:00003308   541 0001:0000330f   542 0001:00003316
   543 0001:0000331d   544 0001:00003324   545 0001:0000332b   547 0001:0000332f
   550 0001:00003339   553 0001:0000334a   555 0001:00003375   556 0001:000033df
   558 0001:00003416   560 0001:0000346b   561 0001:0000348e   563 0001:00003496
   565 0001:0000349b   567 0001:000034f5   574 0001:000034f9   577 0001:000036b1
   579 0001:000036e4   586 0001:00003717   587 0001:000038c2   589 0001:000038c4
   591 0001:000038e5   594 0001:000038ed   596 0001:000038f2   597 0001:00003916
   599 0001:0000391a   601 0001:00003951   602 0001:00003972   603 0001:00003982
   604 0001:000039aa   606 0001:000039cd   608 0001:000039ee   609 0001:00003a01
   610 0001:00003a09   612 0001:00003a0b   614 0001:00003a10   616 0001:00003a47
   617 0001:00003a6a   618 0001:00003a85   621 0001:00003a87   623 0001:00003a95
   624 0001:00003b04   626 0001:00003b08   628 0001:00003b18   629 0001:00003b6f
   633 0001:00003b73   634 0001:00003b79   635 0001:00003b86   637 0001:00003b9c
   638 0001:00003ba7   639 0001:00003bc9   645 0001:00003bff   646 0001:00003d51
   647 0001:00003d56   649 0001:00003ddc   650 0001:00003de4   652 0001:00003e5e
   653 0001:00003e63   654 0001:00003e86   655 0001:00003e8a   657 0001:00003ea3
   659 0001:00003ed6   660 0001:00003ef7   661 0001:00003f06   662 0001:00003f2d
   664 0001:00003f50   666 0001:00003f71   667 0001:00003f83   668 0001:00003f93
   670 0001:00003f95   674 0001:00003f9a   676 0001:00003fcc   677 0001:00003fdf
   678 0001:00003ffa   681 0001:00003ffc   684 0001:0000400a   685 0001:00004068
   687 0001:0000406c   689 0001:0000407c   690 0001:000040d8   693 0001:000040dc
   694 0001:000040f4   696 0001:000040f8   698 0001:00004123   699 0001:00004147
   700 0001:00004157   706 0001:00004159   708 0001:000042f7   711 0001:000042fb
   713 0001:0000430d   715 0001:00004316   717 0001:00004341   718 0001:0000435a
   719 0001:0000437a   721 0001:0000438e   723 0001:000043a1   724 0001:000043a6
   726 0001:000043c6   728 0001:000043f1   729 0001:00004452   731 0001:00004457
   732 0001:0000447e   733 0001:000044a9   735 0001:000044be   737 0001:000044f2
   738 0001:00004513   739 0001:00004515   740 0001:0000452a   741 0001:0000452c
   745 0001:0000452e   747 0001:00004543   749 0001:00004576   750 0001:00004597
   751 0001:00004599   752 0001:000045ae   753 0001:000045b0   757 0001:000045b2
   761 0001:000045e8   762 0001:000045ea   767 0001:000045ee   768 0001:000046ed
   774 0001:000046f1   777 0001:0000479b   778 0001:000047a2   779 0001:000047a9
   780 0001:000047b2   781 0001:000047bd   782 0001:000047c8   784 0001:000047f7
   786 0001:0000483a   787 0001:00004853   788 0001:00004869   789 0001:00004886
   791 0001:0000489a   792 0001:000048b8   794 0001:000048cd   796 0001:000048e3
   800 0001:000048f6   802 0001:000048fb   804 0001:00004938   805 0001:0000494d
   807 0001:00004953   808 0001:00004955   812 0001:0000495c   814 0001:00004a2b
   816 0001:00004a3c   819 0001:00004a63   820 0001:00004b7d   821 0001:00004b84
   822 0001:00004bbd   823 0001:00004bc4   824 0001:00004c15   825 0001:00004c1c
   826 0001:00004c83   827 0001:00004c8a   828 0001:00004d2e   829 0001:00004d35
   830 0001:00004d9c   833 0001:00004da3   834 0001:00004dd7   835 0001:00004dde
   836 0001:00004e52   839 0001:00004e59   840 0001:00004e74   842 0001:00004e7b
   844 0001:00004e8f   846 0001:00004e9d   848 0001:00004ea6   849 0001:00004eb7
   850 0001:00004ed2   851 0001:00004eec   852 0001:00004f03   853 0001:00004f1e
   854 0001:00004f38   855 0001:00004f59   856 0001:00004f7a   857 0001:00004f8f
   858 0001:00004fa7   859 0001:00004fc2   860 0001:00004fd8   861 0001:00004fda
   863 0001:00004fef   864 0001:00004ff8   865 0001:00004ffe   867 0001:00005056
   869 0001:0000507e   870 0001:000050d4   872 0001:000050dd   873 0001:000051de
   874 0001:000051ed   876 0001:000051f2   877 0001:0000520c   879 0001:00005213
   881 0001:00005220   882 0001:00005266   886 0001:00005270   887 0001:00005279
   888 0001:0000528f   889 0001:00005291   890 0001:000052a6   893 0001:000052ca
   896 0001:000052ed   898 0001:00005319   899 0001:00005338   904 0001:0000533a
   905 0001:00005346   906 0001:00005352   908 0001:0000535e   910 0001:00005360
   911 0001:0000536c   912 0001:00005378   916 0001:00005384   917 0001:00005396
   918 0001:000053a8   925 0001:000053b2   927 0001:000053be   928 0001:000053c5
   929 0001:000053d3   931 0001:000053dd   932 0001:000053df   935 0001:000053f2
   936 0001:00005412   938 0001:00005416   939 0001:0000541a   941 0001:00005420
   942 0001:00005426   946 0001:0000542c   947 0001:00005433   948 0001:0000543a
   949 0001:00005440   951 0001:00005447   952 0001:00005456   954 0001:0000546a
   955 0001:0000547b   958 0001:0000548c   959 0001:000054a2   960 0001:000054c5
   962 0001:000054cb   964 0001:000054cf   966 0001:000054ee   988 0001:000054f2
   990 0001:000054fa   993 0001:000054fe   994 0001:00005514   995 0001:0000551b
   996 0001:00005521   997 0001:00005527   998 0001:0000552e   999 0001:00005535
  1000 0001:0000553c  1001 0001:00005543  1002 0001:0000554a  1003 0001:00005551
  1004 0001:00005558  1005 0001:00005576  1006 0001:00005587  1008 0001:00005598
  1009 0001:000055d0  1010 0001:00005608  1011 0001:0000560e  1012 0001:00005616
  1013 0001:0000561c  1014 0001:00005633  1015 0001:0000563a  1016 0001:0000563c
  1017 0001:00005643  1018 0001:0000564c  1019 0001:00005678  1020 0001:00005681
  1022 0001:000056ad  1024 0001:000056c5  1025 0001:000056c8  1029 0001:000056d7
  1030 0001:000056da  1031 0001:000056e3  1032 0001:000056ec  1033 0001:00005700
  1034 0001:00005714  1035 0001:00005728  1036 0001:00005732  1037 0001:0000573c
  1038 0001:00005746  1039 0001:0000574d  1040 0001:00005757  1041 0001:00005761
  1042 0001:0000576b  1047 0001:00005772  1048 0001:00005774  1054 0001:0000577d
  1055 0001:00005780  1056 0001:0000578c  1057 0001:0000579a  1058 0001:000057b4
  1065 0001:000057b6  1066 0001:000057b9  1067 0001:000057d3  1074 0001:000057d5
  1075 0001:000057d8  1090 0001:000057f1  1091 0001:0000581a  1092 0001:00005842
  1093 0001:0000586b  1094 0001:00005894  1095 0001:000058bc  1096 0001:000058e5
  1097 0001:0000590e  1098 0001:00005936  1099 0001:0000595f  1100 0001:00005988
  1101 0001:000059b0  1102 0001:000059d9  1103 0001:000059ef  1105 0001:000059fd
  1108 0001:00005a17  1112 0001:00005a20  1113 0001:00005a36  1114 0001:00005a49
  1115 0001:00005a4d  1116 0001:00005a56  1118 0001:00005a61  1120 0001:00005a73
  1124 0001:00005a82  1125 0001:00005a98  1126 0001:00005aab  1131 0001:00005aaf
  1138 0001:00005ab4  1139 0001:00005ab7  1140 0001:00005abc

Line numbers for .\Debug\Avi_Algo.obj(C:\Documents and Settings\Administrator\桌面\车型识别\车型识别(合并版)1105\车型识别(合并版)1105\Avi\Avi_Algo.cpp) segment .text

    28 0001:00001190    29 0001:00001193    31 0001:00001199    32 0001:000011a1
    36 0001:000011a8    38 0001:000011ad    45 0001:000011b1    53 0001:000011bc
    54 0001:000011c3    55 0001:000011d8    56 0001:000011db    63 0001:000011e9
    64 0001:000011ec    66 0001:000011f9    68 0001:0000123c    70 0001:00001249
    72 0001:00001266    73 0001:0000128d    74 0001:000012a2    75 0001:000012b5
    76 0001:000012cc    78 0001:000012db    80 0001:000012dd    83 0001:000012ea
    85 0001:000012ec    88 0001:000012fb    90 0001:000012fd    92 0001:0000130c
    98 0001:00001317    99 0001:0000131a   101 0001:00001320   102 0001:0000132c
   103 0001:00001336   104 0001:00001342   105 0001:0000134e   106 0001:00001359
   107 0001:00001365   111 0001:0000136c   113 0001:00001371   120 0001:00001375
   121 0001:00001378   122 0001:00001389   123 0001:0000138e   130 0001:00001397
   131 0001:0000139a   132 0001:000013a4   133 0001:000013ad   135 0001:000013b6
   137 0001:000013ca   140 0001:000013cf   142 0001:000013e0   143 0001:000013e2
   151 0001:000013eb   154 0001:000013f7   155 0001:000013fe   157 0001:00001407
   158 0001:00001411   160 0001:00001426   167 0001:00001430   169 0001:00001455
   171 0001:0000145e   174 0001:00001462   175 0001:0000147d   176 0001:0000147f
   185 0001:0000148e   186 0001:000014c5   187 0001:000014dd   188 0001:000014e4
   189 0001:000014eb   190 0001:000014f2   193 0001:000014ff   194 0001:00001506
   196 0001:0000151f   197 0001:00001533   198 0001:0000155b   199 0001:0000156c
   200 0001:00001583   202 0001:00001592   203 0001:000015a9   205 0001:000015bd
   207 0001:000015ca   209 0001:000015f5   210 0001:0000161a   211 0001:00001627
   212 0001:00001635   215 0001:00001637   216 0001:00001676   219 0001:00001682
   221 0001:0000168d   223 0001:000016a1   226 0001:000016a6   228 0001:000016a8
   231 0001:000016b9   233 0001:000016bb   234 0001:000016d9   235 0001:000016e8
   236 0001:000016ee   237 0001:000016fa   238 0001:00001707   239 0001:00001709
   249 0001:00001729   250 0001:0000172c   253 0001:00001749   255 0001:0000174d
   258 0001:0000176d   260 0001:00001771   263 0001:00001782   265 0001:00001786
   266 0001:00001788   272 0001:0000178a   275 0001:0000178d   277 0001:000017d9
   280 0001:000017dd   281 0001:000017df   288 0001:000017e1   291 0001:000017e4
   293 0001:00001837   296 0001:0000183b   297 0001:0000183d   304 0001:0000183f
   306 0001:00001856   307 0001:00001866   308 0001:00001879   309 0001:00001896
   316 0001:000018a6   318 0001:000018a9   319 0001:000018ba   322 0001:000018cd
   324 0001:000018db   328 0001:000018e2   330 0001:000018e7   331 0001:000018ec
   337 0001:000018f7   338 0001:000018fa   339 0001:00001905   345 0001:00001907
   347 0001:0000190a   348 0001:0000191b   351 0001:0000192e   353 0001:0000193c
   358 0001:00001943   359 0001:0000194f   360 0001:0000195b   362 0001:00001965
   363 0001:0000196a   371 0001:00001975   372 0001:00001978   373 0001:0000199a
   379 0001:0000199e   381 0001:000019a1   382 0001:000019b2   384 0001:000019c5
   386 0001:000019d3   390 0001:000019da   391 0001:000019e8   392 0001:000019f4
   393 0001:000019fe   394 0001:00001a0a   395 0001:00001a16   396 0001:00001a20
   397 0001:00001a2c   399 0001:00001a38   400 0001:00001a3d

Line numbers for C:\Program Files\Microsoft Visual Studio\VC98\LIB\msvcrtd.lib(dllmain.c) segment .text

    45 0001:00032df0    47 0001:00032df3    48 0001:00032e02    50 0001:00032e0c
    51 0001:00032e11

Line numbers for C:\Program Files\Microsoft Visual Studio\VC98\LIB\msvcrtd.lib(crtdll.c) segment .text

   135 0001:00032bc0   140 0001:00032bc4   141 0001:00032bca   142 0001:00032bd3
   143 0001:00032be0   147 0001:00032be2   156 0001:00032be9   164 0001:00032bf7
   170 0001:00032bfd   175 0001:00032c25   177 0001:00032c2c   179 0001:00032c37
   184 0001:00032c43   189 0001:00032c55   192 0001:00032c64   219 0001:00032c6c
   220 0001:00032c75   222 0001:00032c7d   227 0001:00032c91   228 0001:00032c99
   236 0001:00032c9e   238 0001:00032cb2   242 0001:00032cbc   243 0001:00032cc1
   251 0001:00032cd0   252 0001:00032cd4   258 0001:00032cdb   259 0001:00032cea
   261 0001:00032cf1   263 0001:00032cfd   264 0001:00032d06   266 0001:00032d1b
   267 0001:00032d21   269 0001:00032d35   270 0001:00032d3b   273 0001:00032d3f
   276 0001:00032d53   284 0001:00032d5f   287 0001:00032d6e   289 0001:00032d7a
   290 0001:00032d8f   292 0001:00032d96   293 0001:00032da5   296 0001:00032dba
   297 0001:00032dbd

Line numbers for C:\Program Files\Microsoft Visual Studio\VC98\LIB\msvcrtd.lib(ti_inst.cpp) segment .text

    17 0001:00032b60    18 0001:00032b70    21 0001:00032bb0    22 0001:00032bb7
    23 0001:00032bba

Line numbers for C:\Program Files\Microsoft Visual Studio\VC98\LIB\msvcrtd.lib(atonexit.c) segment .text

    84 0001:00032ab0    89 0001:00032ab4    98 0001:00032aeb   103 0001:00032af0
   104 0001:00032af3   105 0001:00032b06

Line numbers for C:\Program Files\Microsoft Visual Studio\VC98\LIB\msvcrtd.lib(intel\chkstk.asm) segment .text

    63 0001:00032a70    67 0001:00032a71    68 0001:00032a76    71 0001:00032a7a
    76 0001:00032a7c    77 0001:00032a82    79 0001:00032a87    81 0001:00032a89
    82 0001:00032a8e    85 0001:00032a90    86 0001:00032a92    88 0001:00032a94
    90 0001:00032a96    92 0001:00032a98    93 0001:00032a9a    95 0001:00032a9d
    97 0001:00032a9e
